[info] [dusk::net::module] enet initialized (ENet 1.3.18)
[INFO | dusk] Build: v1.4.1-156-dirty (rev 0557c5f7b8cf5161018cd2fb5213839ce5ecc81c, built Thu Aug 6 02:53:17 2026 +0800, type RelWithDebInfo)
[INFO | dusk] Platform: macos
[INFO | dusk::config] Loading config from '/Users/ahmedelbannan/Library/Application Support/TwilitRealm/Dusklight/config.json'
[INFO | aurora] Aurora initializing
[INFO | aurora::system_info] CPU model: Apple M3 Pro
[INFO | aurora::system_info] Memory: 36864 MiB
[INFO | aurora::system_info] Architecture: aarch64
[INFO | aurora::system_info] OS: macOS Version 26.5 (Build 25F71)
[INFO | aurora::gpu] Creating WebGPU instance
[INFO | aurora::gpu] Attempting to initialize Metal
[INFO | aurora::gpu] Requesting adapter
  Feature level: Compatibility
  Power preference: HighPerformance
  Backend: Metal
  Compatible surface: true
[INFO | aurora::gpu] Graphics adapter information
  API: Metal
  Device: Apple M3 Pro (IntegratedGPU)
  Driver: Metal driver on macOS Version 26.5 (Build 25F71)
[INFO | aurora::gpu] Using limits:
  maxTextureDimension1D: 16384
  maxTextureDimension2D: 16384
  maxTextureDimension3D: 2048
  maxTextureArrayLayers: 2048
  maxStorageBuffersPerShaderStage: 2
  minUniformBufferOffsetAlignment: 256
  minStorageBufferOffsetAlignment: 256
[INFO | aurora::gpu] Enabling features: 
  CoreFeaturesAndLimits
  TextureCompressionBC
  TextureCompressionASTC
  TextureComponentSwizzle
[INFO | aurora::gpu] Using surface format BGRA8Unorm, present mode Fifo
[DEBUG | aurora::gpu::cache] SQLite version 3.51.0
[DEBUG | aurora::gpu::cache] Using dawn cache at /Users/ahmedelbannan/Library/Application Support/TwilitRealm/Dusklight/dawn_cache.db
[DEBUG | aurora::gpu::cache] SQLite cache init succeeded
[INFO | aurora::gfx::pipeline_cache] No bundled initial pipeline cache found at '/Users/ahmedelbannan/Ahmed/dusklight-coop/build/macos-default-relwithdebinfo/Dusklight.app/Contents/Resources/initial_pipeline_cache.db'
[INFO | aurora] Using framebuffer size 2432x1792 scale 2
[INFO | dusk] Discord Rich Presence initialized
[INFO | dusk] Discord: Waiting for local Discord IPC
[INFO | aurora::texture] Loaded 0 texture replacement registrations from /Users/ahmedelbannan/Library/Application Support/TwilitRealm/Dusklight/texture_replacements
[INFO | dusk] Texture replacement directory loaded: 0 registration(s)
[INFO | aurora::rmlui] Loaded font face 'Fira Sans' [regular] from 'res/FiraSans-Regular.ttf'.
[INFO | aurora::rmlui] Loaded font face 'Fira Sans' [bold] from 'res/FiraSans-Bold.ttf'.
[INFO | aurora::rmlui] Loaded font face 'Fira Sans Condensed' [regular] from 'res/FiraSansCondensed-Regular.ttf'.
[INFO | aurora::rmlui] Loaded font face 'Fira Sans Condensed' [bold] from 'res/FiraSansCondensed-Bold.ttf'.
[INFO | aurora::rmlui] Loaded font face 'Alegreya SC' [regular] from 'res/AlegreyaSC-Regular.ttf'.
[INFO | aurora::rmlui] Loaded font face 'Alegreya SC' [bold] from 'res/AlegreyaSC-Bold.ttf'.
[INFO | aurora::rmlui] Loaded font face 'Material Symbols Rounded' [regular] from 'res/MaterialSymbolsRounded-Regular.ttf'.
[INFO | aurora::rmlui] Loaded font face 'Noto Mono' [regular] from 'res/NotoMono-Regular.ttf'.
[WARNING | dusk] DVD image from command line failed validation: --load-save 1, opening prelaunch UI
[INFO | dusk] Disc verification status: unknown (path: /Users/ahmedelbannan/Ahmed/dusklight-coop/Legend of Zelda, The - Twilight Princess (USA).rvz)
[INFO | aurora::gpu::cache] Pruned 4 stale Dawn cache entries
[INFO | dusk] Loading DVD image: /Users/ahmedelbannan/Ahmed/dusklight-coop/Legend of Zelda, The - Twilight Princess (USA).rvz
[INFO | dusk] Loaded game disc is GZ2E01
[INFO | dusk] Initializing mods...
[INFO | dusk::mods::manifest] symbol manifest loaded: 197136 symbols, build id 491a82ddc1e73740bb063f6b605334f6
[INFO | dev.twilitrealm.ao_mod] found '[Demo] Ambient Occlusion' v1.0.0 by Twilit Realm (~/Ahmed/dusklight-coop/build/macos-default-relwithdebinfo/mods/ao_mod.dusk)
[INFO | dev.twilitrealm.shadow_mod] found '[Demo] Dynamic Shadows' v1.0.0 by encounter (~/Ahmed/dusklight-coop/build/macos-default-relwithdebinfo/mods/shadow_mod.dusk)
[INFO | com.example.mod] found 'Template Mod' v1.0.0 by You (~/Ahmed/dusklight-coop/build/macos-default-relwithdebinfo/mods/template_mod.dusk)
[DEBUG | dusk::mods::loader] mods directory '~/Ahmed/dusklight-coop/build/macos-default-relwithdebinfo/Dusklight.app/Contents/Resources/mods' not found
[INFO | dusk::mods::loader] initializing 3 mod(s)...
[INFO | dev.twilitrealm.ao_mod] activating mod
[DEBUG | dev.twilitrealm.ao_mod] calling mod_initialize
[INFO | dev.twilitrealm.ao_mod] ao_mod ready
[DEBUG | dev.twilitrealm.ao_mod] mod_initialize succeeded
[INFO | dev.twilitrealm.shadow_mod] activating mod
[DEBUG | dev.twilitrealm.shadow_mod] calling mod_initialize
[DEBUG | dev.twilitrealm.shadow_mod] mod_initialize succeeded
[INFO | com.example.mod] activating mod
[DEBUG | com.example.mod] calling mod_initialize
[INFO | com.example.mod] template_mod initialized
[DEBUG | com.example.mod] mod_initialize succeeded
[DEBUG | dusk::mods::overlay] Registering 0 overlay file(s).
[INFO | dusk::mods::loader] 3/3 mod(s) active
[INFO | dusk::osReport] Starting main01 (Game Loop)...
[DEBUG | aurora::ar] Initialized 0x1800000 bytes of ARAM!
[INFO | dusk] COPYDATE=[2006/11/06 18:16
]
[DEBUG | dusk] [DIAG] cDyl_InitCallback: START
[DEBUG | dusk] fopScnM_CreateReq: procName=9 fade=32767
[DEBUG | dusk] fopScnM_CreateReq: result=0 (error=4294967295)
[DEBUG | dusk] cDyl_InitCallback: fpcNm_LOGO_SCENE_e created, DONE
[DEBUG | dusk] Discord Rich Presence sent
[DEBUG | dusk] fapGm_Execute frame=0
[INFO | dusk::net::transport] client transport connecting to 127.0.0.1:44770
[INFO | dusk::net::session] net: connecting to 127.0.0.1:44770 as 'Dusklight co-op'
[INFO | dusk::coop] coop: client session started (port 0)
[DEBUG | dusk] fpcDw_Handler: before BeforeOfDraw
[DEBUG | dusk] fpcDw_Handler: before draw iteration
[DEBUG | dusk] fpcDw_Handler: before AfterOfDraw
[DEBUG | dusk] fpcDw_Handler: done
[DEBUG | dusk] fpcNdRq_Handler: queue size=1
[DEBUG | dusk] fpcNdRq_phase_Create: name=9 layer=0x1044dfab8
[DEBUG | dusk] fpcNdRq_phase_Create: creating_id=1 (error=4294967295)
[DEBUG | dusk] fopScnRq_phase_Execute: ret=0 name=9
[INFO | dusk::net::transport] peer 0 connected
[DEBUG | dusk] fapGm_Execute frame=1
[INFO | dusk::net::session] net: sent JoinRequest (version 5)
[DEBUG | dusk] [DIAG] fpcSCtRq_phase_Load: procName=9 ret=4
[DEBUG | dusk] fpcSCtRq_phase_CreateProcess: procName=9
[DEBUG | dusk] fpcBs_Create: pid=1 profname=fpcNm_LOGO_SCENE_e (9) profile=0x1042ff010 procSize=1304 unkSize=0
[DEBUG | dusk] fpcSCtRq_phase_CreateProcess: fpcBs_Create OK proc=0x697bf3a48
[DEBUG | dusk] [DIAG] dScnLogo_Create: entry i_this=0x697bf3a48
[DEBUG | dusk] dScnLogo_c::create START
[DEBUG | dusk] dScnLogo_c::create resLoad=0 (need 4 for complete)
[DEBUG | dusk] fpcSCtRq_phase_SubCreateProcess: pid=1 procName=0009 ret=0
[DEBUG | dusk] fpcCtRq_Do: phase=0 process=0x697bf3a48
[DEBUG | dusk] fpcDw_Handler: before BeforeOfDraw
[DEBUG | dusk] fpcDw_Handler: before draw iteration
[DEBUG | dusk] fpcDw_Handler: before AfterOfDraw
[DEBUG | dusk] fpcDw_Handler: done
[DEBUG | dusk] fpcNdRq_Handler: queue size=1
[DEBUG | dusk] fopScnRq_phase_Execute: ret=0 name=9
[DEBUG | dusk] fapGm_Execute frame=2
[INFO | dusk::net::session] net: joined as player 1
[INFO | dusk::net::session] net: world init: stage '' room 0 (players 8)
[DEBUG | dusk] [DIAG] dScnLogo_Create: entry i_this=0x697bf3a48
[DEBUG | dusk] fpcSCtRq_phase_SubCreateProcess: pid=1 procName=0009 ret=0
[DEBUG | dusk] fpcCtRq_Do: phase=0 process=0x697bf3a48
[DEBUG | dusk] fpcDw_Handler: before BeforeOfDraw
[DEBUG | dusk] fpcDw_Handler: before draw iteration
[DEBUG | dusk] fpcDw_Handler: before AfterOfDraw
[DEBUG | dusk] fpcDw_Handler: done
[DEBUG | dusk] fpcNdRq_Handler: queue size=1
[DEBUG | dusk] fopScnRq_phase_Execute: ret=0 name=9
[DEBUG | dusk] fapGm_Execute frame=3
[DEBUG | dusk] [DIAG] dScnLogo_Create: entry i_this=0x697bf3a48
[DEBUG | dusk] fpcSCtRq_phase_SubCreateProcess: pid=1 procName=0009 ret=0
[DEBUG | dusk] fpcCtRq_Do: phase=0 process=0x697bf3a48
[DEBUG | dusk] fpcDw_Handler: before BeforeOfDraw
[DEBUG | dusk] fpcDw_Handler: before draw iteration
[DEBUG | dusk] fpcDw_Handler: before AfterOfDraw
[DEBUG | dusk] fpcDw_Handler: done
[DEBUG | dusk] fpcNdRq_Handler: queue size=1
[DEBUG | dusk] fopScnRq_phase_Execute: ret=0 name=9
[DEBUG | dusk] fapGm_Execute frame=4
[DEBUG | dusk] [DIAG] dScnLogo_Create: entry i_this=0x697bf3a48
[DEBUG | dusk] Loading Resource: dolby_p2_232_112.bti (Size: 26016)
[DEBUG | dusk] Loading Resource: nintendo_376x104.bti (Size: 78240)
[DEBUG | dusk] Loading Resource: progressive_choice.bti (Size: 15008)
[DEBUG | dusk] Loading Resource: progressive_inter.bti (Size: 15008)
[DEBUG | dusk] Loading Resource: progressive_no.bti (Size: 2592)
[DEBUG | dusk] Loading Resource: progressive_pro.bti (Size: 15008)
[DEBUG | dusk] Loading Resource: progressive_yes.bti (Size: 2848)
[DEBUG | dusk] Loading Resource: warning.bti (Size: 136224)
[DEBUG | dusk] Loading Resource: warning_pstart.bti (Size: 14624)
[DEBUG | dusk] dScnLogo_c::create resLoad COMPLETE, continuing init...
[DEBUG | dusk] fpcSCtRq_phase_SubCreateProcess: pid=1 procName=0009 ret=2
[DEBUG | dusk] fpcCtRq_Do: phase=4 process=0x697bf3a48
[DEBUG | dusk] fpcDw_Handler: before BeforeOfDraw
[DEBUG | dusk] fpcDw_Handler: before draw iteration
[DEBUG | dusk] dScnLogo_c::draw: mExecCommand=14 mTimer=0
[DEBUG | dusk] fpcDw_Handler: before AfterOfDraw
[DEBUG | dusk] fpcDw_Handler: done
[DEBUG | dusk] fpcNdRq_Handler: queue size=1
[DEBUG | dusk] fopScnRq_phase_Execute: ret=2 name=9
[DEBUG | dusk] fapGm_Execute frame=5
[DEBUG | dusk] dScnLogo_c::draw: mExecCommand=14 mTimer=0
[DEBUG | dusk] Loading Resource: ef_mizubashira.bck (Size: 672)
[DEBUG | dusk] Loading Resource: f_znc_r_impact.bck (Size: 704)
[DEBUG | dusk] Loading Resource: o_g_hutk.bck (Size: 416)
[DEBUG | dusk] Loading Resource: o_g_hutu.bck (Size: 416)
[DEBUG | dusk] Loading Resource: waita.bck (Size: 768)
[DEBUG | dusk] Loading Resource: zelda_notice_cursor_red.bck (Size: 512)
[DEBUG | dusk] Loading Resource: zelda_notice_cursor_yellow.bck (Size: 416)
[DEBUG | dusk] Loading Resource: o_g_hart.bmd (Size: 5472)
[DEBUG | dusk] Loading Resource: o_g_hutk.bmd (Size: 29376)
[DEBUG | dusk] Loading Resource: o_g_hutu.bmd (Size: 29376)
[DEBUG | dusk] Loading Resource: o_g_rupy.bmd (Size: 8224)
[DEBUG | dusk] Loading Resource: breakwoodbox.bmd (Size: 3744)
[DEBUG | dusk] Loading Resource: d_brockbrk.bmd (Size: 2848)
[DEBUG | dusk] Loading Resource: ef_mizubashira.bmd (Size: 12224)
[DEBUG | dusk] Loading Resource: ef_screen_suityu.bmd (Size: 4128)
[DEBUG | dusk] Loading Resource: ef_thunder01.bmd (Size: 10016)
[DEBUG | dusk] Loading Resource: ef_thunder02.bmd (Size: 10304)
[DEBUG | dusk] Loading Resource: mpm_tubo.bmd (Size: 4704)
[DEBUG | dusk] Loading Resource: nv.bmd (Size: 4256)
[DEBUG | dusk] Loading Resource: o_g_arow.bmd (Size: 4960)
[DEBUG | dusk] Loading Resource: o_g_arow_taba.bmd (Size: 22304)
[DEBUG | dusk] Loading Resource: o_g_tane.bmd (Size: 13152)
[DEBUG | dusk] Loading Resource: zelda_notice_cursor_red.bmd (Size: 7808)
[DEBUG | dusk] Loading Resource: zelda_notice_cursor_yellow.bmd (Size: 10688)
[DEBUG | dusk] Loading Resource: f_znc_r_impact.bpk (Size: 416)
[DEBUG | dusk] Loading Resource: zelda_notice_cursor_red.bpk (Size: 320)
[DEBUG | dusk] Loading Resource: zelda_notice_cursor_yellow.bpk (Size: 320)
[DEBUG | dusk] Loading Resource: ef_mizubashira.brk (Size: 480)
[DEBUG | dusk] Loading Resource: ef_thunder.brk (Size: 640)
[DEBUG | dusk] Loading Resource: f_g_hart.brk (Size: 384)
[DEBUG | dusk] Loading Resource: f_g_rupy.brk (Size: 800)
[DEBUG | dusk] Loading Resource: f_znc_r_impact.brk (Size: 384)
[DEBUG | dusk] Loading Resource: o_g_hutk.brk (Size: 416)
[DEBUG | dusk] Loading Resource: o_g_hutu.brk (Size: 544)
[DEBUG | dusk] Loading Resource: zelda_notice_cursor_red.brk (Size: 288)
[DEBUG | dusk] Loading Resource: zelda_notice_cursor_red_02.brk (Size: 224)
[DEBUG | dusk] Loading Resource: zelda_notice_cursor_yellow.brk (Size: 544)
[DEBUG | dusk] Loading Resource: zelda_notice_cursor_yellow_02.brk (Size: 224)
[DEBUG | dusk] Loading Resource: ef_mizubashira.btk (Size: 704)
[DEBUG | dusk] Loading Resource: ef_screen_suityu.btk (Size: 320)
[DEBUG | dusk] Loading Resource: f_znc_r_impact.btk (Size: 256)
[DEBUG | dusk] Loading Resource: zelda_notice_cursor_red.btk (Size: 256)
[DEBUG | dusk] Loading Resource: zelda_notice_cursor_yellow.btk (Size: 576)
[DEBUG | dusk] Loading Resource: mpm_tubo.btp (Size: 128)
[DEBUG | dusk] Loading Resource: areamapres.bin (Size: 444)
[DEBUG | dusk] Loading Resource: item_table.bin (Size: 128)
[DEBUG | dusk] Loading Resource: a_kusa_rgba.bti (Size: 2080)
[DEBUG | dusk] Loading Resource: ball32_i4.bti (Size: 544)
[DEBUG | dusk] Loading Resource: im_enter_4i_32.bti (Size: 544)
[DEBUG | dusk] Loading Resource: im_map_icon_circle_4i.bti (Size: 64)
[DEBUG | dusk] Loading Resource: im_map_icon_enter_4i.bti (Size: 160)
[DEBUG | dusk] Loading Resource: im_map_icon_nijumaru_4i.bti (Size: 160)
[DEBUG | dusk] Loading Resource: im_map_icon_square_4i.bti (Size: 64)
[DEBUG | dusk] Loading Resource: im_map_icon_tresurebox_4i.bti (Size: 64)
[DEBUG | dusk] Loading Resource: im_map_icon_try_force_4i.bti (Size: 160)
[DEBUG | dusk] Loading Resource: map_icon_circle16x16_4i.bti (Size: 160)
[DEBUG | dusk] Loading Resource: moya.bti (Size: 1056)
[DEBUG | dusk] Loading Resource: rope.bti (Size: 160)
[DEBUG | dusk] Loading Resource: snow.bti (Size: 160)
[DEBUG | dusk] Loading Resource: snow_tex.bti (Size: 1056)
[DEBUG | dusk] Loading Resource: txa_ring_a_32hafe.bti (Size: 544)
[DEBUG | dusk] Loading Resource: txa_tuki_as.bti (Size: 2080)
[DEBUG | dusk] Loading Resource: txa_tuki_bs.bti (Size: 2080)
[DEBUG | dusk] Loading Resource: txa_tuki_cs.bti (Size: 2080)
[DEBUG | dusk] Loading Resource: txa_tuki_ds.bti (Size: 2080)
[DEBUG | dusk] Loading Resource: vr_lenzf_tex.bti (Size: 1056)
[DEBUG | dusk] Loading Resource: warp_tex.bti (Size: 1056)
[DEBUG | dusk] Loading Resource: zl2_polygon_ia8 (Size: 64)
[DEBUG | dusk] Loading Resource: crod_ball_revive_demo.bck (Size: 288)
[DEBUG | dusk] Loading Resource: crod_ball_wait_a.bck (Size: 288)
[DEBUG | dusk] Loading Resource: crod_ball_wait_a_t.bck (Size: 288)
[DEBUG | dusk] Loading Resource: crod_ball_wait_a_t_start.bck (Size: 288)
[DEBUG | dusk] Loading Resource: crod_ball_wait_b.bck (Size: 352)
[DEBUG | dusk] Loading Resource: crod_ball_wait_c.bck (Size: 384)
[DEBUG | dusk] Loading Resource: ef_shippu.bck (Size: 544)
[DEBUG | dusk] Loading Resource: pb_move.bck (Size: 2816)
[DEBUG | dusk] Loading Resource: pb_wait.bck (Size: 928)
[DEBUG | dusk] Loading Resource: spout.bck (Size: 1088)
[DEBUG | dusk] Loading Resource: ef_setboom.bmd (Size: 15392)
[DEBUG | dusk] Loading Resource: al_arrow.bmd (Size: 5024)
[DEBUG | dusk] Loading Resource: al_arrowb.bmd (Size: 9696)
[DEBUG | dusk] Loading Resource: al_bomb.bmd (Size: 11104)
[DEBUG | dusk] Loading Resource: al_boom.bmd (Size: 20000)
[DEBUG | dusk] Loading Resource: al_pachi_nut.bmd (Size: 2176)
[DEBUG | dusk] Loading Resource: al_sp.bmd (Size: 21824)
[DEBUG | dusk] Loading Resource: crod_ball.bmd (Size: 3840)
[DEBUG | dusk] Loading Resource: footmark.bmd (Size: 2272)
[DEBUG | dusk] Loading Resource: hk.bmd (Size: 3648)
[DEBUG | dusk] Loading Resource: inochidama.bmd (Size: 13120)
[DEBUG | dusk] Loading Resource: pb.bmd (Size: 34976)
[DEBUG | dusk] Loading Resource: pg.bmd (Size: 20736)
[DEBUG | dusk] Loading Resource: rod_ukia.bmd (Size: 4384)
[DEBUG | dusk] Loading Resource: rod_ukib.bmd (Size: 2656)
[DEBUG | dusk] Loading Resource: rod_ukic.bmd (Size: 2656)
[DEBUG | dusk] Loading Resource: sango_fook.bmd (Size: 9984)
[DEBUG | dusk] Loading Resource: sfook.bmd (Size: 3456)
[DEBUG | dusk] Loading Resource: uki.bmd (Size: 4928)
[DEBUG | dusk] Loading Resource: uki_saki.bmd (Size: 4160)
[DEBUG | dusk] Loading Resource: wl_change.bmd (Size: 44256)
[DEBUG | dusk] Loading Resource: worm.bmd (Size: 8256)
[DEBUG | dusk] Loading Resource: worm_hole.bmd (Size: 2816)
[DEBUG | dusk] Loading Resource: ef_shippu.bmd (Size: 33216)
[DEBUG | dusk] Loading Resource: al_podm.bmd (Size: 21504)
[DEBUG | dusk] Loading Resource: al_swm.bmd (Size: 22720)
[DEBUG | dusk] Loading Resource: al_poda.bmd (Size: 12032)
[DEBUG | dusk] Loading Resource: al_swa.bmd (Size: 11808)
[DEBUG | dusk] Loading Resource: al_swm.brk (Size: 256)
[DEBUG | dusk] Loading Resource: crod_ball.brk (Size: 736)
[DEBUG | dusk] Loading Resource: inochidama.brk (Size: 288)
[DEBUG | dusk] Loading Resource: al_swa.btk (Size: 320)
[DEBUG | dusk] Loading Resource: al_swm.btk (Size: 320)
[DEBUG | dusk] Loading Resource: crod_ball.btk (Size: 416)
[DEBUG | dusk] Loading Resource: ef_setboom.btk (Size: 704)
[DEBUG | dusk] Loading Resource: ef_shippu.btk (Size: 1120)
[DEBUG | dusk] Loading Resource: inochidama.btk (Size: 672)
[DEBUG | dusk] Loading Resource: zelda_v_cursor_new_orange.blo (Size: 2368)
[DEBUG | dusk] Loading Resource: zelda_v_cursor_new_orange.brk (Size: 320)
[DEBUG | dusk] Loading Resource: zelda_v_cursor_new_orange_02.brk (Size: 384)
[DEBUG | dusk] Loading Resource: zelda_v_cursor_new_red.blo (Size: 2368)
[DEBUG | dusk] Loading Resource: zelda_v_cursor_new_red.brk (Size: 320)
[DEBUG | dusk] Loading Resource: zelda_v_cursor_new_red_02.brk (Size: 384)
[DEBUG | dusk] Loading Resource: zelda_v_cursor_new_yellow.bck (Size: 2016)
[DEBUG | dusk] Loading Resource: zelda_v_cursor_new_yellow.blo (Size: 2336)
[DEBUG | dusk] Loading Resource: zelda_v_cursor_new_yellow.bpk (Size: 448)
[DEBUG | dusk] Loading Resource: zelda_v_cursor_new_yellow.brk (Size: 320)
[DEBUG | dusk] Loading Resource: zelda_v_cursor_new_yellow_02.brk (Size: 352)
[DEBUG | dusk] Loading Resource: blur.bti (Size: 96)
[DEBUG | dusk] Loading Resource: rock_mark.bti (Size: 544)
[DEBUG | dusk] Loading Resource: tt_v_point_128_00_4ia_02.bti (Size: 16416)
[DEBUG | dusk] Loading Resource: tt_map_icon_link_40_4ia_00.bti (Size: 1632)
[DEBUG | dusk] Loading Resource: tt_navi_l.bti (Size: 544)
[DEBUG | dusk] fapGm_Execute frame=6
[DEBUG | dusk] dScnLogo_c::draw: mExecCommand=14 mTimer=0
[DEBUG | dusk] fapGm_Execute frame=7
[DEBUG | dusk] dScnLogo_c::draw: mExecCommand=14 mTimer=0
[DEBUG | dusk] fapGm_Execute frame=8
[DEBUG | dusk] dScnLogo_c::draw: mExecCommand=15 mTimer=0
[DEBUG | dusk] fpcNdRq_Handler: queue size=1
[DEBUG | dusk] fapGm_Execute frame=9
[DEBUG | dusk] [DIAG] fpcSCtRq_phase_Load: procName=0 ret=4
[DEBUG | dusk] fpcSCtRq_phase_CreateProcess: procName=0
[DEBUG | dusk] fpcBs_Create: pid=2 profname=fpcNm_OVERLAP0_e (0) profile=0x1042fe9b0 procSize=384 unkSize=0
[DEBUG | dusk] fpcSCtRq_phase_CreateProcess: fpcBs_Create OK proc=0x697bf38a8
[DEBUG | dusk] fpcSCtRq_phase_SubCreateProcess: pid=2 procName=0000 ret=2
[DEBUG | dusk] fpcCtRq_Do: phase=4 process=0x697bf38a8
[DEBUG | dusk] dScnLogo_c::draw: mExecCommand=15 mTimer=0
[DEBUG | dusk] fpcNdRq_Handler: queue size=1
[DEBUG | dusk] dScnLogo_c::draw: mExecCommand=15 mTimer=0
[DEBUG | dusk] fpcNdRq_Handler: queue size=1
[DEBUG | dusk] dScnLogo_c::draw: mExecCommand=15 mTimer=0
[DEBUG | dusk] fpcNdRq_Handler: queue size=1
[DEBUG | dusk] dScnLogo_c::draw: mExecCommand=15 mTimer=0
[DEBUG | dusk] fpcNdRq_Handler: queue size=1
[DEBUG | dusk] dScnLogo_c::draw: mExecCommand=15 mTimer=0
[DEBUG | dusk] fpcNdRq_Handler: queue size=1
[DEBUG | dusk] fpcNdRq_Handler: queue size=1
[DEBUG | dusk] fpcNdRq_Handler: queue size=1
[DEBUG | dusk] fpcNdRq_Handler: queue size=1
[DEBUG | dusk] fpcNdRq_Handler: queue size=1
[DEBUG | dusk] fpcNdRq_Handler: queue size=1
[DEBUG | dusk] fpcNdRq_Handler: queue size=1
[DEBUG | dusk] fpcNdRq_Handler: queue size=1
[DEBUG | dusk] fpcNdRq_Handler: queue size=1
[DEBUG | dusk] fpcNdRq_Handler: queue size=1
[DEBUG | dusk] fpcNdRq_Handler: queue size=1
[DEBUG | dusk] fpcNdRq_Handler: queue size=1
[DEBUG | dusk] fpcNdRq_Handler: queue size=1
[DEBUG | dusk] fpcNdRq_Handler: queue size=1
[DEBUG | dusk] fpcNdRq_Handler: queue size=1
[DEBUG | dusk] fpcNdRq_Handler: queue size=1
[DEBUG | dusk] fpcNdRq_Handler: queue size=1
[DEBUG | dusk] fpcNdRq_Handler: queue size=1
[DEBUG | dusk] fpcNdRq_Handler: queue size=1
[DEBUG | dusk] fpcNdRq_Handler: queue size=1
[DEBUG | dusk] fopScnRq_phase_Execute: ret=0 name=12
[DEBUG | dusk] fopScnRq_phase_Execute: ret=0 name=12
[DEBUG | dusk] fpcNdRq_phase_Create: name=12 layer=0x1044dfab8
[DEBUG | dusk] fpcNdRq_phase_Create: creating_id=3 (error=4294967295)
[DEBUG | dusk] fopScnRq_phase_Execute: ret=0 name=12
[DEBUG | dusk] [DIAG] fpcSCtRq_phase_Load: procName=12 ret=4
[DEBUG | dusk] fpcSCtRq_phase_CreateProcess: procName=12
[DEBUG | dusk] fpcBs_Create: pid=3 profname=fpcNm_OPENING_SCENE_e (12) profile=0x1042ff2d8 procSize=912 unkSize=0
[DEBUG | dusk] fpcSCtRq_phase_CreateProcess: fpcBs_Create OK proc=0x697bf3af0
[DEBUG | dusk] fpcSCtRq_phase_SubCreateProcess: pid=3 procName=000c ret=0
[DEBUG | dusk] fpcCtRq_Do: phase=0 process=0x697bf3af0
[DEBUG | dusk] fopScnRq_phase_Execute: ret=0 name=12
[DEBUG | dusk] Loading Resource: vrbox_kasumim.bmd (Size: 2272)
[DEBUG | dusk] Loading Resource: vrbox_kumo.bmd (Size: 69664)
[DEBUG | dusk] Loading Resource: vrbox_sora.bmd (Size: 6624)
[DEBUG | dusk] Loading Resource: vrbox_sun.bmd (Size: 12032)
[DEBUG | dusk] Loading Resource: vrbox_sun.btk (Size: 320)
[DEBUG | dusk] Loading Resource: colordata_tbl.dat (Size: 800)
[DEBUG | dusk] Loading Resource: pol_arg.dat (Size: 128)
[DEBUG | dusk] Loading Resource: pol_effcol.dat (Size: 128)
[DEBUG | dusk] Loading Resource: pol_effcol2.dat (Size: 128)
[DEBUG | dusk] Loading Resource: pol_efftbl.dat (Size: 128)
[DEBUG | dusk] Loading Resource: pol_efftbl2.dat (Size: 128)
[DEBUG | dusk] Loading Resource: pol_sound.dat (Size: 128)
[DEBUG | dusk] Loading Resource: room0.dzs (Size: 5440)
[DEBUG | dusk] Loading Resource: stage.dzs (Size: 1952)
[DEBUG | dusk] Loading Resource: cloudtx_01.bti (Size: 4128)
[DEBUG | dusk] Loading Resource: cloudtx_02.bti (Size: 4128)
[DEBUG | dusk] Loading Resource: cloudtx_03.bti (Size: 4128)
[DEBUG | dusk] Loading Resource: f_moon.bti (Size: 8224)
[DEBUG | dusk] Loading Resource: f_moon_a.bti (Size: 2080)
[DEBUG | dusk] Loading Resource: f_moon_a_a00.bti (Size: 64)
[DEBUG | dusk] Loading Resource: f_moon_a_a01.bti (Size: 544)
[DEBUG | dusk] Loading Resource: f_moon_a_a02.bti (Size: 544)
[DEBUG | dusk] Loading Resource: f_moon_a_a03.bti (Size: 544)
[DEBUG | dusk] fpcSCtRq_phase_SubCreateProcess: pid=3 procName=000c ret=0
[DEBUG | dusk] fpcCtRq_Do: phase=0 process=0x697bf3af0
[DEBUG | dusk] fopScnRq_phase_Execute: ret=0 name=12
[DEBUG | dusk] Loading Resource: event_list.dat (Size: 106476)
[DEBUG | dusk] Loading Resource: camstyle.dat (Size: 43328)
[DEBUG | dusk] Loading Resource: camtype.dat (Size: 14560)
[DEBUG | dusk] fpcSCtRq_phase_SubCreateProcess: pid=3 procName=000c ret=0
[DEBUG | dusk] fpcCtRq_Do: phase=0 process=0x697bf3af0
[DEBUG | dusk] fopScnRq_phase_Execute: ret=0 name=12
[DEBUG | dusk] fpcSCtRq_phase_SubCreateProcess: pid=3 procName=000c ret=0
[DEBUG | dusk] fpcCtRq_Do: phase=0 process=0x697bf3af0
[DEBUG | dusk] fopScnRq_phase_Execute: ret=0 name=12
[DEBUG | dusk] fpcSCtRq_phase_SubCreateProcess: pid=3 procName=000c ret=0
[DEBUG | dusk] fpcCtRq_Do: phase=0 process=0x697bf3af0
[DEBUG | dusk] fopScnRq_phase_Execute: ret=0 name=12
[DEBUG | dusk] fpcSCtRq_phase_SubCreateProcess: pid=3 procName=000c ret=0
[DEBUG | dusk] fpcCtRq_Do: phase=0 process=0x697bf3af0
[DEBUG | dusk] fopScnRq_phase_Execute: ret=0 name=12
[DEBUG | dusk] fpcSCtRq_phase_SubCreateProcess: pid=3 procName=000c ret=0
[DEBUG | dusk] fpcCtRq_Do: phase=0 process=0x697bf3af0
[DEBUG | dusk] fopScnRq_phase_Execute: ret=0 name=12
[DEBUG | dusk] fpcSCtRq_phase_SubCreateProcess: pid=3 procName=000c ret=0
[DEBUG | dusk] fpcCtRq_Do: phase=0 process=0x697bf3af0
[DEBUG | dusk] fopScnRq_phase_Execute: ret=0 name=12
[DEBUG | dusk] fpcSCtRq_phase_SubCreateProcess: pid=3 procName=000c ret=0
[DEBUG | dusk] fpcCtRq_Do: phase=0 process=0x697bf3af0
[DEBUG | dusk] fopScnRq_phase_Execute: ret=0 name=12
[DEBUG | dusk] fpcSCtRq_phase_SubCreateProcess: pid=3 procName=000c ret=0
[DEBUG | dusk] fpcCtRq_Do: phase=0 process=0x697bf3af0
[DEBUG | dusk] fopScnRq_phase_Execute: ret=0 name=12
[DEBUG | dusk] fpcSCtRq_phase_SubCreateProcess: pid=3 procName=000c ret=0
[DEBUG | dusk] fpcCtRq_Do: phase=0 process=0x697bf3af0
[DEBUG | dusk] fopScnRq_phase_Execute: ret=0 name=12
[DEBUG | dusk] fopScnM_CreateReq: procName=18 fade=32767
[DEBUG | dusk] fopScnM_CreateReq: result=2 (error=4294967295)
[DEBUG | dusk] fpcBs_Create: pid=7 profname=fpcNm_KANKYO_e (19) profile=0x1042f9948 procSize=440 unkSize=0
[DEBUG | dusk] fpcBs_Create: pid=9 profname=fpcNm_KYEFF_e (785) profile=0x1042f9998 procSize=440 unkSize=0
[DEBUG | dusk] fpcBs_Create: pid=11 profname=fpcNm_KYEFF2_e (786) profile=0x1042f99d8 procSize=440 unkSize=0
[DEBUG | dusk] fpcBs_Create: pid=13 profname=fpcNm_ENVSE_e (21) profile=0x1042f8948 procSize=456 unkSize=0
[DEBUG | dusk] fpcSCtRq_phase_SubCreateProcess: pid=3 procName=000c ret=2
[DEBUG | dusk] fpcCtRq_Do: phase=0 process=0x697bf3af0
[DEBUG | dusk] fopScnRq_phase_Execute: ret=0 name=12
[DEBUG | dusk] fpcNdRq_phase_Create: name=18 layer=0x697bf3c48
[DEBUG | dusk] fpcNdRq_phase_Create: creating_id=16 (error=4294967295)
[DEBUG | dusk] fopScnRq_phase_Execute: ret=0 name=18
[DEBUG | dusk] fpcCtRq_Do: phase=0 process=0x697bf3af0
[DEBUG | dusk] [DIAG] fpcSCtRq_phase_Load: procName=737 ret=4
[DEBUG | dusk] fpcSCtRq_phase_CreateProcess: procName=737
[DEBUG | dusk] fpcBs_Create: pid=4 profname=fpcNm_TITLE_e (737) profile=0x10433d848 procSize=1864 unkSize=0
[DEBUG | dusk] fpcSCtRq_phase_CreateProcess: fpcBs_Create OK proc=0x697bf2094
[DEBUG | dusk] fpcSCtRq_phase_SubCreateProcess: pid=4 procName=02e1 ret=0
[DEBUG | dusk] fpcCtRq_Do: phase=0 process=0x697bf2094
[DEBUG | dusk] [DIAG] fpcSCtRq_phase_Load: procName=781 ret=4
[DEBUG | dusk] fpcSCtRq_phase_CreateProcess: procName=781
[DEBUG | dusk] fpcBs_Create: pid=5 profname=fpcNm_CAMERA_e (781) profile=0x1042f8790 procSize=4240 unkSize=0
[DEBUG | dusk] fpcSCtRq_phase_CreateProcess: fpcBs_Create OK proc=0x697bf0fe4
[DEBUG | dusk] fpcSCtRq_phase_SubCreateProcess: pid=5 procName=030d ret=0
[DEBUG | dusk] fpcCtRq_Do: phase=0 process=0x697bf0fe4
[DEBUG | dusk] fpcCtRq_Do: phase=4 process=0x697bf3274
[DEBUG | dusk] fpcCtRq_Do: phase=4 process=0x697bf2fdc
[DEBUG | dusk] fpcCtRq_Do: phase=4 process=0x697bf2d44
[DEBUG | dusk] fpcCtRq_Do: phase=4 process=0x697bf2a9c
[DEBUG | dusk] [DIAG] fpcSCtRq_phase_Load: procName=730 ret=4
[DEBUG | dusk] fpcSCtRq_phase_CreateProcess: procName=730
[DEBUG | dusk] fpcBs_Create: pid=14 profname=fpcNm_VRBOX_e (730) profile=0x104305450 procSize=1648 unkSize=0
[DEBUG | dusk] fpcSCtRq_phase_CreateProcess: fpcBs_Create OK proc=0x697bf0954
[DEBUG | dusk] fpcSCtRq_phase_SubCreateProcess: pid=14 procName=02da ret=2
[DEBUG | dusk] fpcCtRq_Do: phase=4 process=0x697bf0954
[DEBUG | dusk] [DIAG] fpcSCtRq_phase_Load: procName=731 ret=4
[DEBUG | dusk] fpcSCtRq_phase_CreateProcess: procName=731
[DEBUG | dusk] fpcBs_Create: pid=15 profname=fpcNm_VRBOX2_e (731) profile=0x104305508 procSize=1720 unkSize=0
[DEBUG | dusk] fpcSCtRq_phase_CreateProcess: fpcBs_Create OK proc=0x697bf027c
[DEBUG | dusk] fpcCtRq_Do: phase=4 process=0x697bf027c
[DEBUG | dusk] [DIAG] fpcSCtRq_phase_Load: procName=18 ret=4
[DEBUG | dusk] fpcSCtRq_phase_CreateProcess: procName=18
[DEBUG | dusk] fpcBs_Create: pid=16 profname=fpcNm_ROOM_SCENE_e (18) profile=0x1042ff3b8 procSize=912 unkSize=0
[DEBUG | dusk] fpcSCtRq_phase_CreateProcess: fpcBs_Create OK proc=0x697befecc
[DEBUG | dusk] fpcCtRq_Do: phase=0 process=0x697befecc
[DEBUG | dusk] fopScnRq_phase_Execute: ret=0 name=12
[DEBUG | dusk] fopScnRq_phase_Execute: ret=0 name=18
[DEBUG | dusk] fpcCtRq_Do: phase=0 process=0x697bf3af0
[DEBUG | dusk] Loading Resource: titlelogo.bck (Size: 704)
[DEBUG | dusk] Loading Resource: titlelogo_r.bmd (Size: 1995456)
[DEBUG | dusk] Loading Resource: titlelogo.bpk (Size: 576)
[DEBUG | dusk] Loading Resource: titlelogo.brk (Size: 704)
[DEBUG | dusk] Loading Resource: titlelogo.btk (Size: 672)
[DEBUG | dusk] fpcCtRq_Do: phase=4 process=0x697bf2094
[DEBUG | dusk] fpcCtRq_Do: phase=0 process=0x697bf0fe4
[DEBUG | dusk] Loading Resource: model.bmd (Size: 927520)
[DEBUG | dusk] Loading Resource: model1.bmd (Size: 7488)
[DEBUG | dusk] Loading Resource: model2.bmd (Size: 22752)
[DEBUG | dusk] Loading Resource: model3.bmd (Size: 166848)
[DEBUG | dusk] Loading Resource: model4.bmd (Size: 10400)
[DEBUG | dusk] Loading Resource: model.btk (Size: 576)
[DEBUG | dusk] Loading Resource: model1.btk (Size: 320)
[DEBUG | dusk] Loading Resource: model2.btk (Size: 352)
[DEBUG | dusk] Loading Resource: model4.btk (Size: 320)
[DEBUG | dusk] Loading Resource: room.dzr (Size: 7456)
[DEBUG | dusk] Loading Resource: event_list.dat (Size: 5304)
[DEBUG | dusk] Loading Resource: room.kcl (Size: 449804)
[DEBUG | dusk] Loading Resource: room.plc (Size: 608)
[DEBUG | dusk] fopScnRq_phase_Execute: ret=0 name=12
[DEBUG | dusk] fopScnRq_phase_Execute: ret=0 name=18
[DEBUG | dusk] Loading Resource: demo38_wl_cut01_gp_1_o.bck (Size: 8000)
[DEBUG | dusk] Loading Resource: demo38_wl_cut01_gp_1_l.bck (Size: 5088)
[DEBUG | dusk] Loading Resource: demo38_wl_cut00_gp_1_o.bmd (Size: 239584)
[DEBUG | dusk] Loading Resource: demo38_twfilm_cut00_gp_1_o.bmd (Size: 45376)
[DEBUG | dusk] Loading Resource: demo38_01.stb (Size: 9368)
[DEBUG | dusk] Loading Resource: demo38_twfilm_cut00_gp_1_l.btk (Size: 832)
[DEBUG | dusk] [DIAG] fpcSCtRq_phase_Load: procName=253 ret=4
[DEBUG | dusk] fpcSCtRq_phase_CreateProcess: procName=253
[DEBUG | dusk] fpcBs_Create: pid=17 profname=fpcNm_ALINK_e (253) profile=0x1042f4c40 procSize=22568 unkSize=0
[DEBUG | dusk] fpcSCtRq_phase_CreateProcess: fpcBs_Create OK proc=0x697be93d8
[DEBUG | dusk] [DIAG] fpcSCtRq_phase_Load: procName=732 ret=4
[DEBUG | dusk] fpcSCtRq_phase_CreateProcess: procName=732
[DEBUG | dusk] fpcBs_Create: pid=18 profname=fpcNm_BG_e (732) profile=0x104302680 procSize=1896 unkSize=0
[DEBUG | dusk] fpcSCtRq_phase_CreateProcess: fpcBs_Create OK proc=0x697be8c50
[DEBUG | dusk] [DIAG] fpcSCtRq_phase_Load: procName=222 ret=4
[DEBUG | dusk] fpcSCtRq_phase_CreateProcess: procName=222
[DEBUG | dusk] fpcBs_Create: pid=19 profname=fpcNm_OBJ_IHASI_e (222) profile=0x10432ae78 procSize=1744 unkSize=0
[DEBUG | dusk] fpcSCtRq_phase_CreateProcess: fpcBs_Create OK proc=0x697be8560
[DEBUG | dusk] [DIAG] fpcSCtRq_phase_Load: procName=187 ret=4
[DEBUG | dusk] fpcSCtRq_phase_CreateProcess: procName=187
[DEBUG | dusk] fpcBs_Create: pid=20 profname=fpcNm_CSTAF_e (187) profile=0x1043064d0 procSize=3816 unkSize=0
[DEBUG | dusk] fpcSCtRq_phase_CreateProcess: fpcBs_Create OK proc=0x697be7658
[DEBUG | dusk] [DIAG] fpcSCtRq_phase_Load: procName=733 ret=4
[DEBUG | dusk] fpcSCtRq_phase_CreateProcess: procName=733
[DEBUG | dusk] fpcBs_Create: pid=21 profname=fpcNm_SET_BG_OBJ_e (733) profile=0x1043042f0 procSize=1656 unkSize=0
[DEBUG | dusk] fpcSCtRq_phase_CreateProcess: fpcBs_Create OK proc=0x697be6fc0
[DEBUG | dusk] [DIAG] fpcSCtRq_phase_Load: procName=238 ret=4
[DEBUG | dusk] fpcSCtRq_phase_CreateProcess: procName=238
[DEBUG | dusk] fpcBs_Create: pid=22 profname=fpcNm_HORSE_e (238) profile=0x1043135c0 procSize=8464 unkSize=0
[DEBUG | dusk] fpcSCtRq_phase_CreateProcess: fpcBs_Create OK proc=0x697be4e90
[DEBUG | dusk] [DIAG] fpcSCtRq_phase_Load: procName=784 ret=4
[DEBUG | dusk] fpcSCtRq_phase_CreateProcess: procName=784
[DEBUG | dusk] fpcBs_Create: pid=23 profname=fpcNm_GRASS_e (784) profile=0x104307028 procSize=1632 unkSize=0
[DEBUG | dusk] fpcSCtRq_phase_CreateProcess: fpcBs_Create OK proc=0x697be4810
[DEBUG | dusk] [DIAG] fpcSCtRq_phase_Load: procName=784 ret=4
[DEBUG | dusk] fpcSCtRq_phase_CreateProcess: procName=784
[DEBUG | dusk] fpcBs_Create: pid=24 profname=fpcNm_GRASS_e (784) profile=0x104307028 procSize=1632 unkSize=0
[DEBUG | dusk] fpcSCtRq_phase_CreateProcess: fpcBs_Create OK proc=0x697be4190
[DEBUG | dusk] [DIAG] fpcSCtRq_phase_Load: procName=784 ret=4
[DEBUG | dusk] fpcSCtRq_phase_CreateProcess: procName=784
[DEBUG | dusk] fpcBs_Create: pid=25 profname=fpcNm_GRASS_e (784) profile=0x104307028 procSize=1632 unkSize=0
[DEBUG | dusk] fpcSCtRq_phase_CreateProcess: fpcBs_Create OK proc=0x697be3b10
[DEBUG | dusk] [DIAG] fpcSCtRq_phase_Load: procName=784 ret=4
[DEBUG | dusk] fpcSCtRq_phase_CreateProcess: procName=784
[DEBUG | dusk] fpcBs_Create: pid=26 profname=fpcNm_GRASS_e (784) profile=0x104307028 procSize=1632 unkSize=0
[DEBUG | dusk] fpcSCtRq_phase_CreateProcess: fpcBs_Create OK proc=0x697be3490
[DEBUG | dusk] [DIAG] fpcSCtRq_phase_Load: procName=784 ret=4
[DEBUG | dusk] fpcSCtRq_phase_CreateProcess: procName=784
[DEBUG | dusk] fpcBs_Create: pid=27 profname=fpcNm_GRASS_e (784) profile=0x104307028 procSize=1632 unkSize=0
[DEBUG | dusk] fpcSCtRq_phase_CreateProcess: fpcBs_Create OK proc=0x697be2e10
[DEBUG | dusk] [DIAG] fpcSCtRq_phase_Load: procName=784 ret=4
[DEBUG | dusk] fpcSCtRq_phase_CreateProcess: procName=784
[DEBUG | dusk] fpcBs_Create: pid=28 profname=fpcNm_GRASS_e (784) profile=0x104307028 procSize=1632 unkSize=0
[DEBUG | dusk] fpcSCtRq_phase_CreateProcess: fpcBs_Create OK proc=0x697be2790
[DEBUG | dusk] [DIAG] fpcSCtRq_phase_Load: procName=333 ret=4
[DEBUG | dusk] fpcSCtRq_phase_CreateProcess: procName=333
[DEBUG | dusk] fpcBs_Create: pid=29 profname=fpcNm_Obj_Yobikusa_e (333) profile=0x10430b718 procSize=2352 unkSize=0
[DEBUG | dusk] fpcSCtRq_phase_CreateProcess: fpcBs_Create OK proc=0x697be1e40
[DEBUG | dusk] [DIAG] fpcSCtRq_phase_Load: procName=333 ret=4
[DEBUG | dusk] fpcSCtRq_phase_CreateProcess: procName=333
[DEBUG | dusk] fpcBs_Create: pid=30 profname=fpcNm_Obj_Yobikusa_e (333) profile=0x10430b718 procSize=2352 unkSize=0
[DEBUG | dusk] fpcSCtRq_phase_CreateProcess: fpcBs_Create OK proc=0x697be14f0
[DEBUG | dusk] [DIAG] fpcSCtRq_phase_Load: procName=333 ret=4
[DEBUG | dusk] fpcSCtRq_phase_CreateProcess: procName=333
[DEBUG | dusk] fpcBs_Create: pid=31 profname=fpcNm_Obj_Yobikusa_e (333) profile=0x10430b718 procSize=2352 unkSize=0
[DEBUG | dusk] fpcSCtRq_phase_CreateProcess: fpcBs_Create OK proc=0x697be0ba0
[DEBUG | dusk] [DIAG] fpcSCtRq_phase_Load: procName=333 ret=4
[DEBUG | dusk] fpcSCtRq_phase_CreateProcess: procName=333
[DEBUG | dusk] fpcBs_Create: pid=32 profname=fpcNm_Obj_Yobikusa_e (333) profile=0x10430b718 procSize=2352 unkSize=0
[DEBUG | dusk] fpcSCtRq_phase_CreateProcess: fpcBs_Create OK proc=0x697be0250
[DEBUG | dusk] [DIAG] fpcSCtRq_phase_Load: procName=333 ret=4
[DEBUG | dusk] fpcSCtRq_phase_CreateProcess: procName=333
[DEBUG | dusk] fpcBs_Create: pid=33 profname=fpcNm_Obj_Yobikusa_e (333) profile=0x10430b718 procSize=2352 unkSize=0
[DEBUG | dusk] fpcSCtRq_phase_CreateProcess: fpcBs_Create OK proc=0x697bdf900
[DEBUG | dusk] [DIAG] fpcSCtRq_phase_Load: procName=333 ret=4
[DEBUG | dusk] fpcSCtRq_phase_CreateProcess: procName=333
[DEBUG | dusk] fpcBs_Create: pid=34 profname=fpcNm_Obj_Yobikusa_e (333) profile=0x10430b718 procSize=2352 unkSize=0
[DEBUG | dusk] fpcSCtRq_phase_CreateProcess: fpcBs_Create OK proc=0x697bdefb0
[DEBUG | dusk] Loading Resource: al_umakusa.bmd (Size: 5984)
[DEBUG | dusk] Loading Resource: j_umakusa.bmd (Size: 13152)
[DEBUG | dusk] Loading Resource: j_umakusa_c.bmd (Size: 9536)
[DEBUG | dusk] [DIAG] fpcSCtRq_phase_Load: procName=733 ret=4
[DEBUG | dusk] fpcSCtRq_phase_CreateProcess: procName=733
[DEBUG | dusk] fpcBs_Create: pid=35 profname=fpcNm_SET_BG_OBJ_e (733) profile=0x1043042f0 procSize=1656 unkSize=0
[DEBUG | dusk] fpcSCtRq_phase_CreateProcess: fpcBs_Create OK proc=0x697bde918
[DEBUG | dusk] [DIAG] fpcSCtRq_phase_Load: procName=733 ret=4
[DEBUG | dusk] fpcSCtRq_phase_CreateProcess: procName=733
[DEBUG | dusk] fpcBs_Create: pid=36 profname=fpcNm_SET_BG_OBJ_e (733) profile=0x1043042f0 procSize=1656 unkSize=0
[DEBUG | dusk] fpcSCtRq_phase_CreateProcess: fpcBs_Create OK proc=0x697bde280
[DEBUG | dusk] [DIAG] fpcSCtRq_phase_Load: procName=733 ret=4
[DEBUG | dusk] fpcSCtRq_phase_CreateProcess: procName=733
[DEBUG | dusk] fpcBs_Create: pid=37 profname=fpcNm_SET_BG_OBJ_e (733) profile=0x1043042f0 procSize=1656 unkSize=0
[DEBUG | dusk] fpcSCtRq_phase_CreateProcess: fpcBs_Create OK proc=0x697bddbe8
[DEBUG | dusk] fopScnRq_phase_Execute: ret=0 name=12
[DEBUG | dusk] fopScnRq_phase_Execute: ret=0 name=18
[DEBUG | dusk] Loading Resource: al_kantera.bmd (Size: 21024)
[DEBUG | dusk] Loading Resource: ef_ktglow.bmd (Size: 3040)
[DEBUG | dusk] Loading Resource: al.bmd (Size: 140448)
[DEBUG | dusk] Loading Resource: al_bootsh.bmd (Size: 22048)
[DEBUG | dusk] Loading Resource: al_face.bmd (Size: 72576)
[DEBUG | dusk] Loading Resource: al_hands.bmd (Size: 61056)
[DEBUG | dusk] Loading Resource: al_head.bmd (Size: 34400)
[DEBUG | dusk] Loading Resource: al_swb.bmd (Size: 23552)
[DEBUG | dusk] Loading Resource: ef_ktglow.btk (Size: 512)
[DEBUG | dusk] Loading Resource: i_bajyohasiparts.bmd (Size: 76032)
[DEBUG | dusk] Loading Resource: i_bajyohasiparts_ef.bmd (Size: 37088)
[DEBUG | dusk] Loading Resource: i_bajyohasiparts_ef.btk (Size: 512)
[DEBUG | dusk] Loading Resource: i_bajyohasiparts.dzb (Size: 6848)
[DEBUG | dusk] Loading Resource: cs_f_b_fall.bck (Size: 448)
[DEBUG | dusk] Loading Resource: cs_f_b_swing_reaction.bck (Size: 416)
[DEBUG | dusk] Loading Resource: cs_f_b_walk.bck (Size: 544)
[DEBUG | dusk] Loading Resource: cs_f_b.bmd (Size: 66176)
[DEBUG | dusk] Loading Resource: cs_f_cover.bmd (Size: 30112)
[DEBUG | dusk] Loading Resource: cs_f_b_start.brk (Size: 352)
[DEBUG | dusk] Loading Resource: cs_f_b_stop.brk (Size: 320)
[DEBUG | dusk] Loading Resource: cs_f_cover_vanish.brk (Size: 544)
[DEBUG | dusk] Loading Resource: cs_f_b_start.btk (Size: 512)
[DEBUG | dusk] Loading Resource: cs_f_cover_vanish.btk (Size: 896)
[DEBUG | dusk] Loading Resource: cs_f_b.dzb (Size: 544)
[DEBUG | dusk] Loading Resource: model0.bmd (Size: 22624)
[DEBUG | dusk] Loading Resource: spec.dat (Size: 16)
[DEBUG | dusk] Loading Resource: hs_back_walk.bck (Size: 5536)
[DEBUG | dusk] Loading Resource: hs_back_walk_start.bck (Size: 6304)
[DEBUG | dusk] Loading Resource: hs_excitement.bck (Size: 11968)
[DEBUG | dusk] Loading Resource: hs_excitement_2.bck (Size: 14144)
[DEBUG | dusk] Loading Resource: hs_jump_end.bck (Size: 5344)
[DEBUG | dusk] Loading Resource: hs_jump_middle.bck (Size: 4640)
[DEBUG | dusk] Loading Resource: hs_jump_start.bck (Size: 4832)
[DEBUG | dusk] Loading Resource: hs_jump_start_clift.bck (Size: 5248)
[DEBUG | dusk] Loading Resource: hs_lash.bck (Size: 3200)
[DEBUG | dusk] Loading Resource: hs_neck_waitback_left.bck (Size: 2880)
[DEBUG | dusk] Loading Resource: hs_neck_waitback_right.bck (Size: 2848)
[DEBUG | dusk] Loading Resource: hs_run_dash.bck (Size: 7680)
[DEBUG | dusk] Loading Resource: hs_run_fast.bck (Size: 6688)
[DEBUG | dusk] Loading Resource: hs_run_slow.bck (Size: 7712)
[DEBUG | dusk] Loading Resource: hs_stand.bck (Size: 17984)
[DEBUG | dusk] Loading Resource: hs_stop_slow.bck (Size: 14208)
[DEBUG | dusk] Loading Resource: hs_stop_stand.bck (Size: 16352)
[DEBUG | dusk] Loading Resource: hs_turn_left.bck (Size: 9632)
[DEBUG | dusk] Loading Resource: hs_turn_left_start.bck (Size: 5248)
[DEBUG | dusk] Loading Resource: hs_turn_right.bck (Size: 9472)
[DEBUG | dusk] Loading Resource: hs_turn_right_start.bck (Size: 5344)
[DEBUG | dusk] Loading Resource: hs_wait_01.bck (Size: 4768)
[DEBUG | dusk] Loading Resource: hs_wait_01b.bck (Size: 4672)
[DEBUG | dusk] Loading Resource: hs_wait_01b_connect.bck (Size: 4672)
[DEBUG | dusk] Loading Resource: hs_wait_02.bck (Size: 8928)
[DEBUG | dusk] Loading Resource: hs_wait_03.bck (Size: 7552)
[DEBUG | dusk] Loading Resource: hs_wait_04.bck (Size: 12640)
[DEBUG | dusk] Loading Resource: hs_wait_05.bck (Size: 10528)
[DEBUG | dusk] Loading Resource: hs_walk_fast.bck (Size: 5792)
[DEBUG | dusk] Loading Resource: hs_walk_slow.bck (Size: 5600)
[DEBUG | dusk] Loading Resource: hs.bmd (Size: 131264)
[DEBUG | dusk] Loading Resource: hs_eye.btp (Size: 128)
[DEBUG | dusk] Loading Resource: tazuna.bti (Size: 160)
[DEBUG | dusk] Loading Resource: model0.bmd (Size: 13312)
[DEBUG | dusk] Loading Resource: model1.bmd (Size: 10656)
[DEBUG | dusk] Loading Resource: model0.dzb (Size: 832)
[DEBUG | dusk] Loading Resource: spec.dat (Size: 148)
[DEBUG | dusk] [DIAG] fpcSCtRq_phase_Load: procName=734 ret=4
[DEBUG | dusk] fpcSCtRq_phase_CreateProcess: procName=734
[DEBUG | dusk] fpcBs_Create: pid=38 profname=fpcNm_BG_OBJ_e (734) profile=0x104302760 procSize=4336 unkSize=0
[DEBUG | dusk] fpcSCtRq_phase_CreateProcess: fpcBs_Create OK proc=0x697bdcad8
[DEBUG | dusk] [DIAG] fpcSCtRq_phase_Load: procName=734 ret=4
[DEBUG | dusk] fpcSCtRq_phase_CreateProcess: procName=734
[DEBUG | dusk] fpcBs_Create: pid=39 profname=fpcNm_BG_OBJ_e (734) profile=0x104302760 procSize=4336 unkSize=0
[DEBUG | dusk] fpcSCtRq_phase_CreateProcess: fpcBs_Create OK proc=0x697bdb9c8
[DEBUG | dusk] fpcBs_Create: pid=43 profname=fpcNm_Tag_Attp_e (346) profile=0x1043060d8 procSize=1624 unkSize=0
[DEBUG | dusk] [DIAG] fpcSCtRq_phase_Load: procName=734 ret=4
[DEBUG | dusk] fpcSCtRq_phase_CreateProcess: procName=734
[DEBUG | dusk] fpcBs_Create: pid=40 profname=fpcNm_BG_OBJ_e (734) profile=0x104302760 procSize=4336 unkSize=0
[DEBUG | dusk] fpcSCtRq_phase_CreateProcess: fpcBs_Create OK proc=0x697bda8b8
[DEBUG | dusk] fpcBs_Create: pid=45 profname=fpcNm_Tag_Attp_e (346) profile=0x1043060d8 procSize=1624 unkSize=0
[DEBUG | dusk] [DIAG] fpcSCtRq_phase_Load: procName=734 ret=4
[DEBUG | dusk] fpcSCtRq_phase_CreateProcess: procName=734
[DEBUG | dusk] fpcBs_Create: pid=41 profname=fpcNm_BG_OBJ_e (734) profile=0x104302760 procSize=4336 unkSize=0
[DEBUG | dusk] fpcSCtRq_phase_CreateProcess: fpcBs_Create OK proc=0x697bd9130
[DEBUG | dusk] fpcBs_Create: pid=47 profname=fpcNm_Tag_Attp_e (346) profile=0x1043060d8 procSize=1624 unkSize=0
[DEBUG | dusk] fopScnRq_phase_Execute: ret=0 name=12
[DEBUG | dusk] fopScnRq_phase_Execute: ret=0 name=18
[DEBUG | dusk] fopScnRq_phase_Execute: ret=0 name=12
[DEBUG | dusk] Loading Resource: al_sha.bmd (Size: 24288)
[INFO | dusk::coop] coop: real Link registered (pid 17)
[INFO | dusk::coop] coop: puppet spawn requested for player 0 (pid 49)
[INFO | dusk::coop::enemy] enemy: room change -1 -> 0; resetting per-stage state
[DEBUG | dusk] [DIAG] fpcSCtRq_phase_Load: procName=255 ret=4
[DEBUG | dusk] fpcSCtRq_phase_CreateProcess: procName=255
[DEBUG | dusk] fpcBs_Create: pid=48 profname=fpcNm_MIDNA_e (255) profile=0x104305a70 procSize=3352 unkSize=0
[DEBUG | dusk] fpcSCtRq_phase_CreateProcess: fpcBs_Create OK proc=0x697be3ad8
[DEBUG | dusk] [DIAG] fpcSCtRq_phase_Load: procName=253 ret=4
[DEBUG | dusk] fpcSCtRq_phase_CreateProcess: procName=253
[DEBUG | dusk] fpcBs_Create: pid=49 profname=fpcNm_ALINK_e (253) profile=0x1042f4c40 procSize=22568 unkSize=0
[DEBUG | dusk] fpcSCtRq_phase_CreateProcess: fpcBs_Create OK proc=0x697bd3270
[DEBUG | dusk] Loading Resource: s_md_hands.bmd (Size: 19776)
[DEBUG | dusk] Loading Resource: s_md_mask.bmd (Size: 15424)
[DEBUG | dusk] Loading Resource: s_md_gokou.bmd (Size: 3008)
[DEBUG | dusk] Loading Resource: s_md.bmd (Size: 69984)
[DEBUG | dusk] Loading Resource: s_md_hair_hand.bmd (Size: 18944)
[DEBUG | dusk] Loading Resource: s_md_appear.brk (Size: 352)
[DEBUG | dusk] Loading Resource: s_md_gokou_appear.brk (Size: 256)
[DEBUG | dusk] Loading Resource: s_md_hair_hand_appear.brk (Size: 288)
[DEBUG | dusk] Loading Resource: s_md_mask_appear.brk (Size: 256)
[DEBUG | dusk] Loading Resource: s_md_hair_hand_moya.btk (Size: 544)
[DEBUG | dusk] Loading Resource: s_md_hands_moya.btk (Size: 608)
[DEBUG | dusk] Loading Resource: s_md_mask_moya.btk (Size: 320)
[DEBUG | dusk] Loading Resource: s_md_moya.btk (Size: 512)
[INFO | dusk::coop] coop: puppet for player 0 active (pid 49)
[DEBUG | dusk] fpcBs_Create: pid=51 profname=fpcNm_DEMO00_e (718) profile=0x104305848 procSize=11112 unkSize=0
[DEBUG | dusk] fpcBs_Create: pid=53 profname=fpcNm_DEMO00_e (718) profile=0x104305848 procSize=11112 unkSize=0
[DEBUG | dusk] fpcBs_Create: pid=55 profname=fpcNm_DEMO00_e (718) profile=0x104305848 procSize=11112 unkSize=0
[DEBUG | dusk] fpcBs_Create: pid=57 profname=fpcNm_DEMO00_e (718) profile=0x104305848 procSize=11112 unkSize=0
[DEBUG | dusk] frameInterp: onTypeChange 41 -> 40 (event_type_id=40, leaving_event=false, entering_event=true)
[DEBUG | dusk] frameInterp: presentation sync not requested for ZEV event [STBWAIT] (staff idx 12)
[INFO | dusk::coop] coop: send player 1 pos=(34811.8,-34.7,-41172.3) yaw=0 j0=(34813.062,-34.694,-41167.289,-41172.293)
[INFO | dusk::coop] coop: send player 1 pos=(34811.5,-34.7,-41175.1) yaw=0 j0=(34812.711,-34.694,-41170.055,-41175.059)
[INFO | dusk::coop] coop: send player 1 pos=(34814.6,-34.7,-41177.0) yaw=0 j0=(34815.816,-34.694,-41171.973,-41176.977)
[INFO | dusk::coop] coop: send player 1 pos=(34818.2,-34.7,-41175.3) yaw=0 j0=(34819.484,-34.694,-41170.289,-41175.293)
[DEBUG | dusk] fapGm_Execute frame=300
[INFO | dusk::coop] coop: send player 1 pos=(34816.9,-34.7,-41172.4) yaw=0 j0=(34818.117,-34.694,-41167.426,-41172.430)
[INFO | dusk::coop] coop: send player 1 pos=(34811.8,-34.7,-41172.3) yaw=0 j0=(34813.062,-34.694,-41167.289,-41172.293)
[DEBUG | dusk] Discord Rich Presence sent
[INFO | dusk::coop] coop: send player 1 pos=(34811.5,-34.7,-41175.1) yaw=0 j0=(34812.711,-34.694,-41170.055,-41175.059)
[INFO | dusk::coop] coop: send player 1 pos=(34814.6,-34.7,-41177.0) yaw=0 j0=(34815.816,-34.694,-41171.973,-41176.977)
[INFO | dusk::coop] coop: send player 1 pos=(34818.2,-34.7,-41175.3) yaw=0 j0=(34819.484,-34.694,-41170.289,-41175.293)
[DEBUG | dusk] fapGm_Execute frame=600
[INFO | dusk::coop] coop: send player 1 pos=(34816.9,-34.7,-41172.4) yaw=0 j0=(34818.117,-34.694,-41167.426,-41172.430)
[INFO | dusk::coop] coop: send player 1 pos=(34811.8,-34.7,-41172.3) yaw=0 j0=(34813.062,-34.694,-41167.289,-41172.293)
[INFO | dusk::coop] coop: send player 1 pos=(34811.5,-34.7,-41175.1) yaw=0 j0=(34812.711,-34.694,-41170.055,-41175.059)
[INFO | dusk::coop] coop: send player 1 pos=(34814.6,-34.7,-41177.0) yaw=0 j0=(34815.816,-34.694,-41171.973,-41176.977)
[INFO | dusk::coop] coop: send player 1 pos=(34818.2,-34.7,-41175.3) yaw=0 j0=(34819.484,-34.694,-41170.289,-41175.293)
[DEBUG | dusk] Discord Rich Presence sent
[DEBUG | dusk] fapGm_Execute frame=900
[INFO | dusk::coop] coop: send player 1 pos=(34816.9,-34.7,-41172.4) yaw=0 j0=(34818.117,-34.694,-41167.426,-41172.430)
[INFO | dusk::coop] coop: send player 1 pos=(34811.8,-34.7,-41172.3) yaw=0 j0=(34813.062,-34.694,-41167.289,-41172.293)
[INFO | dusk::coop] coop: send player 1 pos=(34811.5,-34.7,-41175.1) yaw=0 j0=(34812.711,-34.694,-41170.055,-41175.059)
[INFO | dusk::coop] coop: send player 1 pos=(34814.6,-34.7,-41177.0) yaw=0 j0=(34815.816,-34.694,-41171.973,-41176.977)
[INFO | dusk::coop] coop: send player 1 pos=(34818.2,-34.7,-41175.3) yaw=0 j0=(34819.484,-34.694,-41170.289,-41175.293)
[DEBUG | dusk] fapGm_Execute frame=1200
[INFO | dusk::coop] coop: send player 1 pos=(34816.9,-34.7,-41172.4) yaw=0 j0=(34818.117,-34.694,-41167.426,-41172.430)
[INFO | dusk::coop] coop: send player 1 pos=(34811.8,-34.7,-41172.3) yaw=0 j0=(34813.062,-34.694,-41167.289,-41172.293)
[DEBUG | dusk] Discord Rich Presence sent
[INFO | dusk::coop] coop: send player 1 pos=(34811.5,-34.7,-41175.1) yaw=0 j0=(34812.711,-34.694,-41170.055,-41175.059)
[INFO | dusk::coop] coop: send player 1 pos=(34814.6,-34.7,-41177.0) yaw=0 j0=(34815.816,-34.694,-41171.973,-41176.977)
[INFO | dusk::coop] coop: send player 1 pos=(34818.2,-34.7,-41175.3) yaw=0 j0=(34819.484,-34.694,-41170.289,-41175.293)
[DEBUG | dusk] fapGm_Execute frame=1500
[INFO | dusk::coop] coop: send player 1 pos=(34816.9,-34.7,-41172.4) yaw=0 j0=(34818.117,-34.694,-41167.426,-41172.430)
[INFO | dusk::coop] coop: send player 1 pos=(34811.8,-34.7,-41172.3) yaw=0 j0=(34813.062,-34.694,-41167.289,-41172.293)
[INFO | dusk::coop] coop: send player 1 pos=(34811.5,-34.7,-41175.1) yaw=0 j0=(34812.711,-34.694,-41170.055,-41175.059)
[INFO | dusk::coop] coop: send player 1 pos=(34814.6,-34.7,-41177.0) yaw=0 j0=(34815.816,-34.694,-41171.973,-41176.977)
[DEBUG | dusk] Discord Rich Presence sent
[INFO | dusk::coop] coop: send player 1 pos=(34818.2,-34.7,-41175.3) yaw=0 j0=(34819.484,-34.694,-41170.289,-41175.293)
[DEBUG | dusk] fapGm_Execute frame=1800
[INFO | dusk::coop] coop: send player 1 pos=(34816.9,-34.7,-41172.4) yaw=0 j0=(34818.117,-34.694,-41167.426,-41172.430)
[INFO | dusk::coop] coop: send player 1 pos=(34811.8,-34.7,-41172.3) yaw=0 j0=(34813.062,-34.694,-41167.289,-41172.293)
[INFO | dusk::coop] coop: send player 1 pos=(34811.5,-34.7,-41175.1) yaw=0 j0=(34812.711,-34.694,-41170.055,-41175.059)
[INFO | dusk::coop] coop: send player 1 pos=(34814.6,-34.7,-41177.0) yaw=0 j0=(34815.816,-34.694,-41171.973,-41176.977)
[INFO | dusk::coop] coop: send player 1 pos=(34818.2,-34.7,-41175.3) yaw=0 j0=(34819.484,-34.694,-41170.289,-41175.293)
[DEBUG | dusk] fapGm_Execute frame=2100
[INFO | dusk::coop] coop: send player 1 pos=(34816.9,-34.7,-41172.4) yaw=0 j0=(34818.117,-34.694,-41167.426,-41172.430)
[INFO | dusk::coop] coop: send player 1 pos=(34811.8,-34.7,-41172.3) yaw=0 j0=(34813.062,-34.694,-41167.289,-41172.293)
[DEBUG | dusk] Discord Rich Presence sent
[INFO | dusk::coop] coop: send player 1 pos=(34811.5,-34.7,-41175.1) yaw=0 j0=(34812.711,-34.694,-41170.055,-41175.059)
[INFO | dusk::coop] coop: send player 1 pos=(34814.6,-34.7,-41177.0) yaw=0 j0=(34815.816,-34.694,-41171.973,-41176.977)
[INFO | dusk::coop] coop: send player 1 pos=(34818.2,-34.7,-41175.3) yaw=0 j0=(34819.484,-34.694,-41170.289,-41175.293)
[DEBUG | dusk] fapGm_Execute frame=2400
[INFO | dusk::coop] coop: send player 1 pos=(34816.9,-34.7,-41172.4) yaw=0 j0=(34818.117,-34.694,-41167.426,-41172.430)
[INFO | dusk::coop] coop: send player 1 pos=(34811.8,-34.7,-41172.3) yaw=0 j0=(34813.062,-34.694,-41167.289,-41172.293)
[INFO | dusk::coop] coop: send player 1 pos=(34811.5,-34.7,-41175.1) yaw=0 j0=(34812.711,-34.694,-41170.055,-41175.059)
[INFO | dusk::coop] coop: send player 1 pos=(34814.6,-34.7,-41177.0) yaw=0 j0=(34815.816,-34.694,-41171.973,-41176.977)
[DEBUG | dusk] Discord Rich Presence sent
[INFO | dusk::coop] coop: send player 1 pos=(34818.2,-34.7,-41175.3) yaw=0 j0=(34819.484,-34.694,-41170.289,-41175.293)
[DEBUG | dusk] fapGm_Execute frame=2700
[INFO | dusk::coop] coop: send player 1 pos=(34816.9,-34.7,-41172.4) yaw=0 j0=(34818.117,-34.694,-41167.426,-41172.430)
[INFO | dusk::coop] coop: send player 1 pos=(34811.8,-34.7,-41172.3) yaw=0 j0=(34813.062,-34.694,-41167.289,-41172.293)
[INFO | dusk::coop] coop: send player 1 pos=(34811.5,-34.7,-41175.1) yaw=0 j0=(34812.711,-34.694,-41170.055,-41175.059)
[INFO | dusk::coop] coop: send player 1 pos=(34814.6,-34.7,-41177.0) yaw=0 j0=(34815.816,-34.694,-41171.973,-41176.977)
[INFO | dusk::coop] coop: send player 1 pos=(34818.2,-34.7,-41175.3) yaw=0 j0=(34819.484,-34.694,-41170.289,-41175.293)
[DEBUG | dusk] fapGm_Execute frame=3000
[INFO | dusk::coop] coop: send player 1 pos=(34816.9,-34.7,-41172.4) yaw=0 j0=(34818.117,-34.694,-41167.426,-41172.430)
[INFO | dusk::coop] coop: send player 1 pos=(34811.8,-34.7,-41172.3) yaw=0 j0=(34813.062,-34.694,-41167.289,-41172.293)
[DEBUG | dusk] Discord Rich Presence sent
[INFO | dusk::coop] coop: send player 1 pos=(34811.5,-34.7,-41175.1) yaw=0 j0=(34812.711,-34.694,-41170.055,-41175.059)
[INFO | dusk::coop] coop: send player 1 pos=(34814.6,-34.7,-41177.0) yaw=0 j0=(34815.816,-34.694,-41171.973,-41176.977)
[INFO | dusk::coop] coop: send player 1 pos=(34818.2,-34.7,-41175.3) yaw=0 j0=(34819.484,-34.694,-41170.289,-41175.293)
[DEBUG | dusk] fapGm_Execute frame=3300
[INFO | dusk::coop] coop: send player 1 pos=(34816.9,-34.7,-41172.4) yaw=0 j0=(34818.117,-34.694,-41167.426,-41172.430)
[INFO | dusk::coop] coop: send player 1 pos=(34811.8,-34.7,-41172.3) yaw=0 j0=(34813.062,-34.694,-41167.289,-41172.293)
[INFO | dusk::coop] coop: send player 1 pos=(34811.5,-34.7,-41175.1) yaw=0 j0=(34812.711,-34.694,-41170.055,-41175.059)
[INFO | dusk::coop] coop: send player 1 pos=(34814.6,-34.7,-41177.0) yaw=0 j0=(34815.816,-34.694,-41171.973,-41176.977)
[DEBUG | dusk] Discord Rich Presence sent
[INFO | dusk::coop] coop: send player 1 pos=(34818.2,-34.7,-41175.3) yaw=0 j0=(34819.484,-34.694,-41170.289,-41175.293)
[DEBUG | dusk] fapGm_Execute frame=3600
[INFO | dusk::coop] coop: send player 1 pos=(34816.9,-34.7,-41172.4) yaw=0 j0=(34818.117,-34.694,-41167.426,-41172.430)
[INFO | dusk::coop] coop: send player 1 pos=(34811.8,-34.7,-41172.3) yaw=0 j0=(34813.062,-34.694,-41167.289,-41172.293)
[INFO | dusk::coop] coop: send player 1 pos=(34811.5,-34.7,-41175.1) yaw=0 j0=(34812.711,-34.694,-41170.055,-41175.059)
[INFO | dusk::coop] coop: send player 1 pos=(34814.6,-34.7,-41177.0) yaw=0 j0=(34815.816,-34.694,-41171.973,-41176.977)
[INFO | dusk::coop] coop: send player 1 pos=(34818.2,-34.7,-41175.3) yaw=0 j0=(34819.484,-34.694,-41170.289,-41175.293)
[DEBUG | dusk] fapGm_Execute frame=3900
[INFO | dusk::coop] coop: send player 1 pos=(34816.9,-34.7,-41172.4) yaw=0 j0=(34818.117,-34.694,-41167.426,-41172.430)
[INFO | dusk::coop] coop: send player 1 pos=(34811.8,-34.7,-41172.3) yaw=0 j0=(34813.062,-34.694,-41167.289,-41172.293)
[DEBUG | dusk] Discord Rich Presence sent
[INFO | dusk::coop] coop: send player 1 pos=(34811.5,-34.7,-41175.1) yaw=0 j0=(34812.711,-34.694,-41170.055,-41175.059)
[INFO | dusk::coop] coop: send player 1 pos=(34814.6,-34.7,-41177.0) yaw=0 j0=(34815.816,-34.694,-41171.973,-41176.977)
[INFO | dusk::coop] coop: send player 1 pos=(34818.2,-34.7,-41175.3) yaw=0 j0=(34819.484,-34.694,-41170.289,-41175.293)
[DEBUG | dusk] fapGm_Execute frame=4200
[INFO | dusk::coop] coop: send player 1 pos=(34816.9,-34.7,-41172.4) yaw=0 j0=(34818.117,-34.694,-41167.426,-41172.430)
[INFO | dusk::coop] coop: send player 1 pos=(34811.8,-34.7,-41172.3) yaw=0 j0=(34813.062,-34.694,-41167.289,-41172.293)
[INFO | dusk::coop] coop: send player 1 pos=(34811.5,-34.7,-41175.1) yaw=0 j0=(34812.711,-34.694,-41170.055,-41175.059)
[INFO | dusk::coop] coop: send player 1 pos=(34814.6,-34.7,-41177.0) yaw=0 j0=(34815.816,-34.694,-41171.973,-41176.977)
[DEBUG | dusk] Discord Rich Presence sent
[INFO | dusk::coop] coop: send player 1 pos=(34818.2,-34.7,-41175.3) yaw=0 j0=(34819.484,-34.694,-41170.289,-41175.293)
[DEBUG | dusk] fapGm_Execute frame=4500
[INFO | dusk::coop] coop: send player 1 pos=(34816.9,-34.7,-41172.4) yaw=0 j0=(34818.117,-34.694,-41167.426,-41172.430)
[INFO | dusk::coop] coop: send player 1 pos=(34811.8,-34.7,-41172.3) yaw=0 j0=(34813.062,-34.694,-41167.289,-41172.293)
[INFO | dusk::coop] coop: send player 1 pos=(34811.5,-34.7,-41175.1) yaw=0 j0=(34812.711,-34.694,-41170.055,-41175.059)
[INFO | dusk::coop] coop: send player 1 pos=(34814.6,-34.7,-41177.0) yaw=0 j0=(34815.816,-34.694,-41171.973,-41176.977)
[INFO | dusk::coop] coop: send player 1 pos=(34818.2,-34.7,-41175.3) yaw=0 j0=(34819.484,-34.694,-41170.289,-41175.293)
[DEBUG | dusk] fapGm_Execute frame=4800
[INFO | dusk::coop] coop: send player 1 pos=(34816.9,-34.7,-41172.4) yaw=0 j0=(34818.117,-34.694,-41167.426,-41172.430)
[INFO | dusk::coop] coop: send player 1 pos=(34811.8,-34.7,-41172.3) yaw=0 j0=(34813.062,-34.694,-41167.289,-41172.293)
[DEBUG | dusk] Discord Rich Presence sent
[INFO | dusk::coop] coop: send player 1 pos=(34811.5,-34.7,-41175.1) yaw=0 j0=(34812.711,-34.694,-41170.055,-41175.059)
[INFO | dusk::coop] coop: send player 1 pos=(34814.6,-34.7,-41177.0) yaw=0 j0=(34815.816,-34.694,-41171.973,-41176.977)
[INFO | dusk::coop] coop: send player 1 pos=(34818.2,-34.7,-41175.3) yaw=0 j0=(34819.484,-34.694,-41170.289,-41175.293)
[DEBUG | dusk] fapGm_Execute frame=5100
[INFO | dusk::coop] coop: send player 1 pos=(34816.9,-34.7,-41172.4) yaw=0 j0=(34818.117,-34.694,-41167.426,-41172.430)
[INFO | dusk::coop] coop: send player 1 pos=(34811.8,-34.7,-41172.3) yaw=0 j0=(34813.062,-34.694,-41167.289,-41172.293)
[INFO | dusk::coop] coop: send player 1 pos=(34811.5,-34.7,-41175.1) yaw=0 j0=(34812.711,-34.694,-41170.055,-41175.059)
[INFO | dusk::coop] coop: send player 1 pos=(34814.6,-34.7,-41177.0) yaw=0 j0=(34815.816,-34.694,-41171.973,-41176.977)
[DEBUG | dusk] Discord Rich Presence sent
[INFO | dusk::coop] coop: send player 1 pos=(34818.2,-34.7,-41175.3) yaw=0 j0=(34819.484,-34.694,-41170.289,-41175.293)
[DEBUG | dusk] fapGm_Execute frame=5400
[INFO | dusk::coop] coop: send player 1 pos=(34816.9,-34.7,-41172.4) yaw=0 j0=(34818.117,-34.694,-41167.426,-41172.430)
[INFO | dusk::coop] coop: send player 1 pos=(34811.8,-34.7,-41172.3) yaw=0 j0=(34813.062,-34.694,-41167.289,-41172.293)
[INFO | dusk::coop] coop: send player 1 pos=(34811.5,-34.7,-41175.1) yaw=0 j0=(34812.711,-34.694,-41170.055,-41175.059)
[INFO | dusk::coop] coop: send player 1 pos=(34814.6,-34.7,-41177.0) yaw=0 j0=(34815.816,-34.694,-41171.973,-41176.977)
[INFO | dusk::coop] coop: send player 1 pos=(34818.2,-34.7,-41175.3) yaw=0 j0=(34819.484,-34.694,-41170.289,-41175.293)
[DEBUG | dusk] fapGm_Execute frame=5700
[INFO | dusk::coop] coop: send player 1 pos=(34816.9,-34.7,-41172.4) yaw=0 j0=(34818.117,-34.694,-41167.426,-41172.430)
[INFO | dusk::coop] coop: send player 1 pos=(34811.8,-34.7,-41172.3) yaw=0 j0=(34813.062,-34.694,-41167.289,-41172.293)
[DEBUG | dusk] Discord Rich Presence sent
[INFO | dusk::coop] coop: send player 1 pos=(34811.5,-34.7,-41175.1) yaw=0 j0=(34812.711,-34.694,-41170.055,-41175.059)
[INFO | dusk::coop] coop: send player 1 pos=(34814.6,-34.7,-41177.0) yaw=0 j0=(34815.816,-34.694,-41171.973,-41176.977)
[INFO | dusk::coop] coop: send player 1 pos=(34818.2,-34.7,-41175.3) yaw=0 j0=(34819.484,-34.694,-41170.289,-41175.293)
[DEBUG | dusk] fapGm_Execute frame=6000
[INFO | dusk::coop] coop: send player 1 pos=(34816.9,-34.7,-41172.4) yaw=0 j0=(34818.117,-34.694,-41167.426,-41172.430)
[INFO | dusk::coop] coop: send player 1 pos=(34811.8,-34.7,-41172.3) yaw=0 j0=(34813.062,-34.694,-41167.289,-41172.293)
[INFO | dusk::coop] coop: send player 1 pos=(34811.5,-34.7,-41175.1) yaw=0 j0=(34812.711,-34.694,-41170.055,-41175.059)
[INFO | dusk::coop] coop: send player 1 pos=(34814.6,-34.7,-41177.0) yaw=0 j0=(34815.816,-34.694,-41171.973,-41176.977)
[DEBUG | dusk] Discord Rich Presence sent
[INFO | dusk::coop] coop: send player 1 pos=(34818.2,-34.7,-41175.3) yaw=0 j0=(34819.484,-34.694,-41170.289,-41175.293)
[DEBUG | dusk] fapGm_Execute frame=6300
[INFO | dusk::coop] coop: send player 1 pos=(34816.9,-34.7,-41172.4) yaw=0 j0=(34818.117,-34.694,-41167.426,-41172.430)
[INFO | dusk::coop] coop: send player 1 pos=(34811.8,-34.7,-41172.3) yaw=0 j0=(34813.062,-34.694,-41167.289,-41172.293)
[INFO | dusk::coop] coop: send player 1 pos=(34811.5,-34.7,-41175.1) yaw=0 j0=(34812.711,-34.694,-41170.055,-41175.059)
[INFO | dusk::coop] coop: send player 1 pos=(34814.6,-34.7,-41177.0) yaw=0 j0=(34815.816,-34.694,-41171.973,-41176.977)
[INFO | dusk::coop] coop: send player 1 pos=(34818.2,-34.7,-41175.3) yaw=0 j0=(34819.484,-34.694,-41170.289,-41175.293)
[DEBUG | dusk] fapGm_Execute frame=6600
[INFO | dusk::coop] coop: send player 1 pos=(34816.9,-34.7,-41172.4) yaw=0 j0=(34818.117,-34.694,-41167.426,-41172.430)
[INFO | dusk::coop] coop: send player 1 pos=(34811.8,-34.7,-41172.3) yaw=0 j0=(34813.062,-34.694,-41167.289,-41172.293)
[DEBUG | dusk] Discord Rich Presence sent
[INFO | dusk::coop] coop: send player 1 pos=(34811.5,-34.7,-41175.1) yaw=0 j0=(34812.711,-34.694,-41170.055,-41175.059)
[INFO | dusk::coop] coop: send player 1 pos=(34814.6,-34.7,-41177.0) yaw=0 j0=(34815.816,-34.694,-41171.973,-41176.977)
[INFO | dusk::coop] coop: send player 1 pos=(34818.2,-34.7,-41175.3) yaw=0 j0=(34819.484,-34.694,-41170.289,-41175.293)
[DEBUG | dusk] fapGm_Execute frame=6900
[INFO | dusk::coop] coop: send player 1 pos=(34816.9,-34.7,-41172.4) yaw=0 j0=(34818.117,-34.694,-41167.426,-41172.430)
[INFO | dusk::coop] coop: send player 1 pos=(34811.8,-34.7,-41172.3) yaw=0 j0=(34813.062,-34.694,-41167.289,-41172.293)
[INFO | dusk::coop] coop: send player 1 pos=(34811.5,-34.7,-41175.1) yaw=0 j0=(34812.711,-34.694,-41170.055,-41175.059)
[INFO | dusk::coop] coop: send player 1 pos=(34814.6,-34.7,-41177.0) yaw=0 j0=(34815.816,-34.694,-41171.973,-41176.977)
[DEBUG | dusk] Discord Rich Presence sent
[INFO | dusk::coop] coop: send player 1 pos=(34818.2,-34.7,-41175.3) yaw=0 j0=(34819.484,-34.694,-41170.289,-41175.293)
[DEBUG | dusk] fapGm_Execute frame=7200
[INFO | dusk::coop] coop: send player 1 pos=(34816.9,-34.7,-41172.4) yaw=0 j0=(34818.117,-34.694,-41167.426,-41172.430)
[INFO | dusk::coop] coop: send player 1 pos=(34811.8,-34.7,-41172.3) yaw=0 j0=(34813.062,-34.694,-41167.289,-41172.293)
[INFO | dusk::coop] coop: send player 1 pos=(34811.5,-34.7,-41175.1) yaw=0 j0=(34812.711,-34.694,-41170.055,-41175.059)
[INFO | dusk::coop] coop: send player 1 pos=(34814.6,-34.7,-41177.0) yaw=0 j0=(34815.816,-34.694,-41171.973,-41176.977)
[INFO | dusk::coop] coop: send player 1 pos=(34818.2,-34.7,-41175.3) yaw=0 j0=(34819.484,-34.694,-41170.289,-41175.293)
[DEBUG | dusk] fapGm_Execute frame=7500
[INFO | dusk::coop] coop: send player 1 pos=(34816.9,-34.7,-41172.4) yaw=0 j0=(34818.117,-34.694,-41167.426,-41172.430)
[INFO | dusk::coop] coop: send player 1 pos=(34811.8,-34.7,-41172.3) yaw=0 j0=(34813.062,-34.694,-41167.289,-41172.293)
[DEBUG | dusk] Discord Rich Presence sent
[INFO | dusk::coop] coop: send player 1 pos=(34811.5,-34.7,-41175.1) yaw=0 j0=(34812.711,-34.694,-41170.055,-41175.059)
[INFO | dusk::coop] coop: send player 1 pos=(34814.6,-34.7,-41177.0) yaw=0 j0=(34815.816,-34.694,-41171.973,-41176.977)
[INFO | dusk::coop] coop: send player 1 pos=(34818.2,-34.7,-41175.3) yaw=0 j0=(34819.484,-34.694,-41170.289,-41175.293)
[DEBUG | dusk] fapGm_Execute frame=7800
[INFO | dusk::coop] coop: send player 1 pos=(34816.9,-34.7,-41172.4) yaw=0 j0=(34818.117,-34.694,-41167.426,-41172.430)
[INFO | dusk::coop] coop: send player 1 pos=(34811.8,-34.7,-41172.3) yaw=0 j0=(34813.062,-34.694,-41167.289,-41172.293)
[INFO | dusk::coop] coop: send player 1 pos=(34811.5,-34.7,-41175.1) yaw=0 j0=(34812.711,-34.694,-41170.055,-41175.059)
[INFO | dusk::coop] coop: send player 1 pos=(34814.6,-34.7,-41177.0) yaw=0 j0=(34815.816,-34.694,-41171.973,-41176.977)
[DEBUG | dusk] Discord Rich Presence sent
[INFO | dusk::coop] coop: send player 1 pos=(34818.2,-34.7,-41175.3) yaw=0 j0=(34819.484,-34.694,-41170.289,-41175.293)
[DEBUG | dusk] fapGm_Execute frame=8100
[INFO | dusk::coop] coop: send player 1 pos=(34816.9,-34.7,-41172.4) yaw=0 j0=(34818.117,-34.694,-41167.426,-41172.430)
[INFO | dusk::coop] coop: send player 1 pos=(34811.8,-34.7,-41172.3) yaw=0 j0=(34813.062,-34.694,-41167.289,-41172.293)
[INFO | dusk::coop] coop: send player 1 pos=(34811.5,-34.7,-41175.1) yaw=0 j0=(34812.711,-34.694,-41170.055,-41175.059)
[INFO | dusk::coop] coop: send player 1 pos=(34814.6,-34.7,-41177.0) yaw=0 j0=(34815.816,-34.694,-41171.973,-41176.977)
[INFO | dusk::coop] coop: send player 1 pos=(34818.2,-34.7,-41175.3) yaw=0 j0=(34819.484,-34.694,-41170.289,-41175.293)
[DEBUG | dusk] fapGm_Execute frame=8400
[INFO | dusk::coop] coop: send player 1 pos=(34816.9,-34.7,-41172.4) yaw=0 j0=(34818.117,-34.694,-41167.426,-41172.430)
[INFO | dusk::coop] coop: send player 1 pos=(34811.8,-34.7,-41172.3) yaw=0 j0=(34813.062,-34.694,-41167.289,-41172.293)
[DEBUG | dusk] Discord Rich Presence sent
[INFO | dusk::coop] coop: send player 1 pos=(34811.5,-34.7,-41175.1) yaw=0 j0=(34812.711,-34.694,-41170.055,-41175.059)
[INFO | dusk::coop] coop: send player 1 pos=(34814.6,-34.7,-41177.0) yaw=0 j0=(34815.816,-34.694,-41171.973,-41176.977)
[INFO | dusk::coop] coop: send player 1 pos=(34818.2,-34.7,-41175.3) yaw=0 j0=(34819.484,-34.694,-41170.289,-41175.293)
[DEBUG | dusk] fapGm_Execute frame=8700
[INFO | dusk::coop] coop: send player 1 pos=(34816.9,-34.7,-41172.4) yaw=0 j0=(34818.117,-34.694,-41167.426,-41172.430)
[INFO | dusk::coop] coop: send player 1 pos=(34811.8,-34.7,-41172.3) yaw=0 j0=(34813.062,-34.694,-41167.289,-41172.293)
[INFO | dusk::coop] coop: send player 1 pos=(34811.5,-34.7,-41175.1) yaw=0 j0=(34812.711,-34.694,-41170.055,-41175.059)
[INFO | dusk::coop] coop: send player 1 pos=(34814.6,-34.7,-41177.0) yaw=0 j0=(34815.816,-34.694,-41171.973,-41176.977)
[DEBUG | dusk] Discord Rich Presence sent
[INFO | dusk::coop] coop: send player 1 pos=(34818.2,-34.7,-41175.3) yaw=0 j0=(34819.484,-34.694,-41170.289,-41175.293)
[DEBUG | dusk] fapGm_Execute frame=9000
[INFO | dusk::coop] coop: send player 1 pos=(34816.9,-34.7,-41172.4) yaw=0 j0=(34818.117,-34.694,-41167.426,-41172.430)
[INFO | dusk::coop] coop: send player 1 pos=(34811.8,-34.7,-41172.3) yaw=0 j0=(34813.062,-34.694,-41167.289,-41172.293)
[INFO | dusk::coop] coop: send player 1 pos=(34811.5,-34.7,-41175.1) yaw=0 j0=(34812.711,-34.694,-41170.055,-41175.059)
[INFO | dusk::coop] coop: send player 1 pos=(34814.6,-34.7,-41177.0) yaw=0 j0=(34815.816,-34.694,-41171.973,-41176.977)
[INFO | dusk::coop] coop: send player 1 pos=(34818.2,-34.7,-41175.3) yaw=0 j0=(34819.484,-34.694,-41170.289,-41175.293)
[DEBUG | dusk] fapGm_Execute frame=9300
[INFO | dusk::coop] coop: send player 1 pos=(34816.9,-34.7,-41172.4) yaw=0 j0=(34818.117,-34.694,-41167.426,-41172.430)
[INFO | dusk::coop] coop: send player 1 pos=(34811.8,-34.7,-41172.3) yaw=0 j0=(34813.062,-34.694,-41167.289,-41172.293)
[DEBUG | dusk] Discord Rich Presence sent
[INFO | dusk::coop] coop: send player 1 pos=(34811.5,-34.7,-41175.1) yaw=0 j0=(34812.711,-34.694,-41170.055,-41175.059)
[INFO | dusk::coop] coop: send player 1 pos=(34814.6,-34.7,-41177.0) yaw=0 j0=(34815.816,-34.694,-41171.973,-41176.977)
[INFO | dusk::coop] coop: send player 1 pos=(34818.2,-34.7,-41175.3) yaw=0 j0=(34819.484,-34.694,-41170.289,-41175.293)
[DEBUG | dusk] fapGm_Execute frame=9600
[INFO | dusk::coop] coop: send player 1 pos=(34816.9,-34.7,-41172.4) yaw=0 j0=(34818.117,-34.694,-41167.426,-41172.430)
[INFO | dusk::coop] coop: send player 1 pos=(34811.8,-34.7,-41172.3) yaw=0 j0=(34813.062,-34.694,-41167.289,-41172.293)
[INFO | dusk::coop] coop: send player 1 pos=(34811.5,-34.7,-41175.1) yaw=0 j0=(34812.711,-34.694,-41170.055,-41175.059)
[INFO | dusk::coop] coop: send player 1 pos=(34814.6,-34.7,-41177.0) yaw=0 j0=(34815.816,-34.694,-41171.973,-41176.977)
[DEBUG | dusk] Discord Rich Presence sent
[INFO | dusk::coop] coop: send player 1 pos=(34818.2,-34.7,-41175.3) yaw=0 j0=(34819.484,-34.694,-41170.289,-41175.293)
[DEBUG | dusk] fapGm_Execute frame=9900
[INFO | dusk::coop] coop: send player 1 pos=(34816.9,-34.7,-41172.4) yaw=0 j0=(34818.117,-34.694,-41167.426,-41172.430)
[INFO | dusk::coop] coop: send player 1 pos=(34811.8,-34.7,-41172.3) yaw=0 j0=(34813.062,-34.694,-41167.289,-41172.293)
[INFO | dusk::coop] coop: send player 1 pos=(34811.5,-34.7,-41175.1) yaw=0 j0=(34812.711,-34.694,-41170.055,-41175.059)
[INFO | dusk::coop] coop: send player 1 pos=(34814.6,-34.7,-41177.0) yaw=0 j0=(34815.816,-34.694,-41171.973,-41176.977)
[INFO | dusk::coop] coop: send player 1 pos=(34818.2,-34.7,-41175.3) yaw=0 j0=(34819.484,-34.694,-41170.289,-41175.293)
[DEBUG | dusk] fapGm_Execute frame=10200
[INFO | dusk::coop] coop: send player 1 pos=(34816.9,-34.7,-41172.4) yaw=0 j0=(34818.117,-34.694,-41167.426,-41172.430)
[INFO | dusk::coop] coop: send player 1 pos=(34811.8,-34.7,-41172.3) yaw=0 j0=(34813.062,-34.694,-41167.289,-41172.293)
[DEBUG | dusk] Discord Rich Presence sent
[INFO | dusk::coop] coop: send player 1 pos=(34811.5,-34.7,-41175.1) yaw=0 j0=(34812.711,-34.694,-41170.055,-41175.059)
[INFO | dusk::coop] coop: send player 1 pos=(34814.6,-34.7,-41177.0) yaw=0 j0=(34815.816,-34.694,-41171.973,-41176.977)
[INFO | dusk::coop] coop: send player 1 pos=(34818.2,-34.7,-41175.3) yaw=0 j0=(34819.484,-34.694,-41170.289,-41175.293)
[DEBUG | dusk] fapGm_Execute frame=10500
[INFO | dusk::coop] coop: send player 1 pos=(34816.9,-34.7,-41172.4) yaw=0 j0=(34818.117,-34.694,-41167.426,-41172.430)
[INFO | dusk::coop] coop: send player 1 pos=(34811.8,-34.7,-41172.3) yaw=0 j0=(34813.062,-34.694,-41167.289,-41172.293)
[INFO | dusk::coop] coop: send player 1 pos=(34811.5,-34.7,-41175.1) yaw=0 j0=(34812.711,-34.694,-41170.055,-41175.059)
[INFO | dusk::coop] coop: send player 1 pos=(34814.6,-34.7,-41177.0) yaw=0 j0=(34815.816,-34.694,-41171.973,-41176.977)
[DEBUG | dusk] Discord Rich Presence sent
[INFO | dusk::coop] coop: send player 1 pos=(34818.2,-34.7,-41175.3) yaw=0 j0=(34819.484,-34.694,-41170.289,-41175.293)
[DEBUG | dusk] fapGm_Execute frame=10800
[INFO | dusk::coop] coop: send player 1 pos=(34816.9,-34.7,-41172.4) yaw=0 j0=(34818.117,-34.694,-41167.426,-41172.430)
[INFO | dusk::coop] coop: send player 1 pos=(34811.8,-34.7,-41172.3) yaw=0 j0=(34813.062,-34.694,-41167.289,-41172.293)
[INFO | dusk::coop] coop: send player 1 pos=(34811.5,-34.7,-41175.1) yaw=0 j0=(34812.711,-34.694,-41170.055,-41175.059)
[INFO | dusk::coop] coop: send player 1 pos=(34814.6,-34.7,-41177.0) yaw=0 j0=(34815.816,-34.694,-41171.973,-41176.977)
[INFO | dusk::coop] coop: send player 1 pos=(34818.2,-34.7,-41175.3) yaw=0 j0=(34819.484,-34.694,-41170.289,-41175.293)
[DEBUG | dusk] fapGm_Execute frame=11100
[INFO | dusk::coop] coop: send player 1 pos=(34816.9,-34.7,-41172.4) yaw=0 j0=(34818.117,-34.694,-41167.426,-41172.430)
[INFO | dusk::coop] coop: send player 1 pos=(34811.8,-34.7,-41172.3) yaw=0 j0=(34813.062,-34.694,-41167.289,-41172.293)
[DEBUG | dusk] Discord Rich Presence sent
[INFO | dusk::coop] coop: send player 1 pos=(34811.5,-34.7,-41175.1) yaw=0 j0=(34812.711,-34.694,-41170.055,-41175.059)
[INFO | dusk::coop] coop: send player 1 pos=(34814.6,-34.7,-41177.0) yaw=0 j0=(34815.816,-34.694,-41171.973,-41176.977)
[INFO | dusk::coop] coop: send player 1 pos=(34818.2,-34.7,-41175.3) yaw=0 j0=(34819.484,-34.694,-41170.289,-41175.293)
[DEBUG | dusk] fapGm_Execute frame=11400
[INFO | dusk::coop] coop: send player 1 pos=(34816.9,-34.7,-41172.4) yaw=0 j0=(34818.117,-34.694,-41167.426,-41172.430)
[INFO | dusk::coop] coop: send player 1 pos=(34811.8,-34.7,-41172.3) yaw=0 j0=(34813.062,-34.694,-41167.289,-41172.293)
[INFO | dusk::coop] coop: send player 1 pos=(34811.5,-34.7,-41175.1) yaw=0 j0=(34812.711,-34.694,-41170.055,-41175.059)
[INFO | dusk::coop] coop: send player 1 pos=(34814.6,-34.7,-41177.0) yaw=0 j0=(34815.816,-34.694,-41171.973,-41176.977)
[DEBUG | dusk] Discord Rich Presence sent
[INFO | dusk::coop] coop: send player 1 pos=(34818.2,-34.7,-41175.3) yaw=0 j0=(34819.484,-34.694,-41170.289,-41175.293)
[DEBUG | dusk] fapGm_Execute frame=11700
[INFO | dusk::coop] coop: send player 1 pos=(34816.9,-34.7,-41172.4) yaw=0 j0=(34818.117,-34.694,-41167.426,-41172.430)
[INFO | dusk::coop] coop: send player 1 pos=(34811.8,-34.7,-41172.3) yaw=0 j0=(34813.062,-34.694,-41167.289,-41172.293)
[INFO | dusk::coop] coop: send player 1 pos=(34811.5,-34.7,-41175.1) yaw=0 j0=(34812.711,-34.694,-41170.055,-41175.059)
[INFO | dusk::coop] coop: send player 1 pos=(34814.6,-34.7,-41177.0) yaw=0 j0=(34815.816,-34.694,-41171.973,-41176.977)
[INFO | dusk::coop] coop: send player 1 pos=(34818.2,-34.7,-41175.3) yaw=0 j0=(34819.484,-34.694,-41170.289,-41175.293)
[DEBUG | dusk] fapGm_Execute frame=12000
[INFO | dusk::coop] coop: send player 1 pos=(34816.9,-34.7,-41172.4) yaw=0 j0=(34818.117,-34.694,-41167.426,-41172.430)
[INFO | dusk::coop] coop: send player 1 pos=(34811.8,-34.7,-41172.3) yaw=0 j0=(34813.062,-34.694,-41167.289,-41172.293)
[DEBUG | dusk] Discord Rich Presence sent
[INFO | dusk::coop] coop: send player 1 pos=(34811.5,-34.7,-41175.1) yaw=0 j0=(34812.711,-34.694,-41170.055,-41175.059)
[INFO | dusk::coop] coop: send player 1 pos=(34814.6,-34.7,-41177.0) yaw=0 j0=(34815.816,-34.694,-41171.973,-41176.977)
[INFO | dusk::coop] coop: send player 1 pos=(34818.2,-34.7,-41175.3) yaw=0 j0=(34819.484,-34.694,-41170.289,-41175.293)
[DEBUG | dusk] fapGm_Execute frame=12300
[INFO | dusk::coop] coop: send player 1 pos=(34816.9,-34.7,-41172.4) yaw=0 j0=(34818.117,-34.694,-41167.426,-41172.430)
[INFO | dusk::coop] coop: send player 1 pos=(34811.8,-34.7,-41172.3) yaw=0 j0=(34813.062,-34.694,-41167.289,-41172.293)
[INFO | dusk::coop] coop: send player 1 pos=(34811.5,-34.7,-41175.1) yaw=0 j0=(34812.711,-34.694,-41170.055,-41175.059)
[INFO | dusk::coop] coop: send player 1 pos=(34814.6,-34.7,-41177.0) yaw=0 j0=(34815.816,-34.694,-41171.973,-41176.977)
[DEBUG | dusk] Discord Rich Presence sent
[INFO | dusk::coop] coop: send player 1 pos=(34818.2,-34.7,-41175.3) yaw=0 j0=(34819.484,-34.694,-41170.289,-41175.293)
[DEBUG | dusk] fapGm_Execute frame=12600
[INFO | dusk::coop] coop: send player 1 pos=(34816.9,-34.7,-41172.4) yaw=0 j0=(34818.117,-34.694,-41167.426,-41172.430)
[INFO | dusk::coop] coop: send player 1 pos=(34811.8,-34.7,-41172.3) yaw=0 j0=(34813.062,-34.694,-41167.289,-41172.293)
[INFO | dusk::coop] coop: send player 1 pos=(34811.5,-34.7,-41175.1) yaw=0 j0=(34812.711,-34.694,-41170.055,-41175.059)
[INFO | dusk::coop] coop: send player 1 pos=(34814.6,-34.7,-41177.0) yaw=0 j0=(34815.816,-34.694,-41171.973,-41176.977)
[INFO | dusk::coop] coop: send player 1 pos=(34818.2,-34.7,-41175.3) yaw=0 j0=(34819.484,-34.694,-41170.289,-41175.293)
[DEBUG | dusk] fapGm_Execute frame=12900
[INFO | dusk::coop] coop: send player 1 pos=(34816.9,-34.7,-41172.4) yaw=0 j0=(34818.117,-34.694,-41167.426,-41172.430)
[INFO | dusk::coop] coop: send player 1 pos=(34811.8,-34.7,-41172.3) yaw=0 j0=(34813.062,-34.694,-41167.289,-41172.293)
[DEBUG | dusk] Discord Rich Presence sent
[INFO | dusk::coop] coop: send player 1 pos=(34811.5,-34.7,-41175.1) yaw=0 j0=(34812.711,-34.694,-41170.055,-41175.059)
[INFO | dusk::coop] coop: send player 1 pos=(34814.6,-34.7,-41177.0) yaw=0 j0=(34815.816,-34.694,-41171.973,-41176.977)
[INFO | dusk::coop] coop: send player 1 pos=(34818.2,-34.7,-41175.3) yaw=0 j0=(34819.484,-34.694,-41170.289,-41175.293)
[DEBUG | dusk] fapGm_Execute frame=13200
[INFO | dusk::coop] coop: send player 1 pos=(34816.9,-34.7,-41172.4) yaw=0 j0=(34818.117,-34.694,-41167.426,-41172.430)
[INFO | dusk::coop] coop: send player 1 pos=(34811.8,-34.7,-41172.3) yaw=0 j0=(34813.062,-34.694,-41167.289,-41172.293)
[INFO | dusk::coop] coop: send player 1 pos=(34811.5,-34.7,-41175.1) yaw=0 j0=(34812.711,-34.694,-41170.055,-41175.059)
[INFO | dusk::coop] coop: send player 1 pos=(34814.6,-34.7,-41177.0) yaw=0 j0=(34815.816,-34.694,-41171.973,-41176.977)
[DEBUG | dusk] Discord Rich Presence sent
[INFO | dusk::coop] coop: send player 1 pos=(34818.2,-34.7,-41175.3) yaw=0 j0=(34819.484,-34.694,-41170.289,-41175.293)
[DEBUG | dusk] fapGm_Execute frame=13500
[INFO | dusk::coop] coop: send player 1 pos=(34816.9,-34.7,-41172.4) yaw=0 j0=(34818.117,-34.694,-41167.426,-41172.430)
[INFO | dusk::coop] coop: send player 1 pos=(34811.8,-34.7,-41172.3) yaw=0 j0=(34813.062,-34.694,-41167.289,-41172.293)
[INFO | dusk::coop] coop: send player 1 pos=(34811.5,-34.7,-41175.1) yaw=0 j0=(34812.711,-34.694,-41170.055,-41175.059)
[INFO | dusk::coop] coop: send player 1 pos=(34814.6,-34.7,-41177.0) yaw=0 j0=(34815.816,-34.694,-41171.973,-41176.977)
[INFO | dusk::coop] coop: send player 1 pos=(34818.2,-34.7,-41175.3) yaw=0 j0=(34819.484,-34.694,-41170.289,-41175.293)
[DEBUG | dusk] fapGm_Execute frame=13800
[INFO | dusk::coop] coop: send player 1 pos=(34816.9,-34.7,-41172.4) yaw=0 j0=(34818.117,-34.694,-41167.426,-41172.430)
[INFO | dusk::coop] coop: send player 1 pos=(34811.8,-34.7,-41172.3) yaw=0 j0=(34813.062,-34.694,-41167.289,-41172.293)
[DEBUG | dusk] Discord Rich Presence sent
[INFO | dusk::coop] coop: send player 1 pos=(34811.5,-34.7,-41175.1) yaw=0 j0=(34812.711,-34.694,-41170.055,-41175.059)
[INFO | dusk::coop] coop: send player 1 pos=(34814.6,-34.7,-41177.0) yaw=0 j0=(34815.816,-34.694,-41171.973,-41176.977)
[INFO | dusk::coop] coop: send player 1 pos=(34818.2,-34.7,-41175.3) yaw=0 j0=(34819.484,-34.694,-41170.289,-41175.293)
[DEBUG | dusk] fapGm_Execute frame=14100
[INFO | dusk::coop] coop: send player 1 pos=(34816.9,-34.7,-41172.4) yaw=0 j0=(34818.117,-34.694,-41167.426,-41172.430)
[INFO | dusk::coop] coop: send player 1 pos=(34811.8,-34.7,-41172.3) yaw=0 j0=(34813.062,-34.694,-41167.289,-41172.293)
[INFO | dusk::coop] coop: send player 1 pos=(34811.5,-34.7,-41175.1) yaw=0 j0=(34812.711,-34.694,-41170.055,-41175.059)
[INFO | dusk::coop] coop: send player 1 pos=(34814.6,-34.7,-41177.0) yaw=0 j0=(34815.816,-34.694,-41171.973,-41176.977)
[DEBUG | dusk] Discord Rich Presence sent
[INFO | dusk::coop] coop: send player 1 pos=(34818.2,-34.7,-41175.3) yaw=0 j0=(34819.484,-34.694,-41170.289,-41175.293)
[DEBUG | dusk] fapGm_Execute frame=14400
[INFO | dusk::coop] coop: send player 1 pos=(34816.9,-34.7,-41172.4) yaw=0 j0=(34818.117,-34.694,-41167.426,-41172.430)
[INFO | dusk::coop] coop: send player 1 pos=(34811.8,-34.7,-41172.3) yaw=0 j0=(34813.062,-34.694,-41167.289,-41172.293)
[INFO | dusk::coop] coop: send player 1 pos=(34811.5,-34.7,-41175.1) yaw=0 j0=(34812.711,-34.694,-41170.055,-41175.059)
[INFO | dusk::coop] coop: send player 1 pos=(34814.6,-34.7,-41177.0) yaw=0 j0=(34815.816,-34.694,-41171.973,-41176.977)
[INFO | dusk::coop] coop: send player 1 pos=(34818.2,-34.7,-41175.3) yaw=0 j0=(34819.484,-34.694,-41170.289,-41175.293)
[DEBUG | dusk] fapGm_Execute frame=14700
[INFO | dusk::net::session] net: host ended the session (reason 0)
[INFO | dusk::coop] coop: session ended; puppets cleared
[INFO | dusk::coop] coop: puppet for player 0 destroyed (pid 49)
[DEBUG | com.example.mod] calling mod_shutdown
[INFO | com.example.mod] template_mod unloaded
[DEBUG | com.example.mod] mod_shutdown succeeded
[DEBUG | dev.twilitrealm.shadow_mod] calling mod_shutdown
[DEBUG | dev.twilitrealm.shadow_mod] mod_shutdown succeeded
[DEBUG | dev.twilitrealm.ao_mod] calling mod_shutdown
[DEBUG | dev.twilitrealm.ao_mod] mod_shutdown succeeded
[INFO | dusk::mods::loader] all mods unloaded
[INFO | dusk] Discord Rich Presence shut down
[INFO | dusk::coop] coop: session stopped on shutdown
[INFO | dusk::net::module] enet deinitialized
[WARNING | aurora::gpu] Device lost: Device was destroyed.
[INFO | dusk::net::transport] stopping transport
[INFO | dusk::net::transport] transport socket thread exited
